[2026-06-01 08:04:38] [INFO] __main__: Starting training...
/media/toshimitsu/ボリューム/01_MyModels/train/trainer.py:152: FutureWarning: `torch.cuda.amp.GradScaler(args...)` is deprecated. Please use `torch.amp.GradScaler('cuda', args...)` instead.
  self.scaler = GradScaler()
/media/toshimitsu/ボリューム/01_MyModels/train/trainer.py:212: FutureWarning: You are using `torch.load` with `weights_only=False` (the current default value), which uses the default pickle module implicitly. It is possible to construct malicious pickle data which will execute arbitrary code during unpickling (See https://github.com/pytorch/pytorch/blob/main/SECURITY.md#untrusted-models for more details). In a future release, the default value for `weights_only` will be flipped to `True`. This limits the functions that could be executed during unpickling. Arbitrary objects will no longer be allowed to be loaded via this mode unless they are explicitly allowlisted by the user via `torch.serialization.add_safe_globals`. We recommend you start setting `weights_only=True` for any use case where you don't have full control of the loaded file. Please open an issue on GitHub for any issues related to this experimental feature.
  ckpt = torch.load(base_path, map_location=self.device)
[INFO] Loading base model for finetune: checkpoints/latest_base.pt
/media/toshimitsu/ボリューム/01_MyModels/train/trainer.py:287: FutureWarning: `torch.cuda.amp.autocast(args...)` is deprecated. Please use `torch.amp.autocast('cuda', args...)` instead.
  with autocast():
[2026-06-01 08:04:44] epoch 1 step 10 loss 0.5619
[2026-06-01 08:04:47] epoch 1 step 20 loss 0.5984
[2026-06-01 08:04:50] epoch 1 step 30 loss 0.5586
[2026-06-01 08:04:53] epoch 1 step 40 loss 0.4517
[2026-06-01 08:04:55] epoch 1 step 50 loss 0.4737
[2026-06-01 08:04:58] epoch 1 step 60 loss 0.5536
[2026-06-01 08:05:01] epoch 1 step 70 loss 0.4425
[2026-06-01 08:05:04] epoch 1 step 80 loss 0.4929
[2026-06-01 08:05:07] epoch 1 step 90 loss 0.5645
[2026-06-01 08:05:10] epoch 1 step 100 loss 0.4722
[2026-06-01 08:05:13] epoch 1 step 110 loss 0.4321
[2026-06-01 08:05:16] epoch 1 step 120 loss 0.4720
[2026-06-01 08:05:18] epoch 1 step 130 loss 0.5386
[2026-06-01 08:05:21] epoch 1 step 140 loss 0.4484
[2026-06-01 08:05:24] epoch 1 step 150 loss 0.4069
[2026-06-01 08:05:27] epoch 1 step 160 loss 0.4293
[2026-06-01 08:05:30] epoch 1 step 170 loss 0.4411
[2026-06-01 08:05:33] epoch 1 step 180 loss 0.3997
[2026-06-01 08:05:36] epoch 1 step 190 loss 0.3865
[2026-06-01 08:05:39] epoch 1 step 200 loss 0.4231
[2026-06-01 08:05:42] epoch 1 step 210 loss 0.3509
[2026-06-01 08:05:44] epoch 1 step 220 loss 0.3383
[2026-06-01 08:05:47] epoch 1 step 230 loss 0.3370
[2026-06-01 08:05:50] epoch 1 step 240 loss 0.3301
[2026-06-01 08:05:53] epoch 1 step 250 loss 0.3831
[2026-06-01 08:05:56] epoch 1 step 260 loss 0.3379
[2026-06-01 08:05:59] epoch 1 step 270 loss 0.2775
[2026-06-01 08:06:02] epoch 1 step 280 loss 0.2726
[2026-06-01 08:06:05] epoch 1 step 290 loss 0.2617
[2026-06-01 08:06:07] epoch 1 step 300 loss 0.3267
[2026-06-01 08:06:10] epoch 1 step 310 loss 0.3432
[2026-06-01 08:06:13] epoch 1 step 320 loss 0.2461
[2026-06-01 08:06:16] epoch 1 step 330 loss 0.3490
[2026-06-01 08:06:19] epoch 1 step 340 loss 0.3101
[2026-06-01 08:06:22] epoch 1 step 350 loss 0.2778
[2026-06-01 08:06:25] epoch 1 step 360 loss 0.2757
[2026-06-01 08:06:28] epoch 1 step 370 loss 0.3153
[2026-06-01 08:06:30] epoch 1 step 380 loss 0.2683
[2026-06-01 08:06:33] epoch 1 step 390 loss 0.2699
[2026-06-01 08:06:36] epoch 1 step 400 loss 0.2635
[2026-06-01 08:06:39] epoch 1 step 410 loss 0.2424
[2026-06-01 08:06:42] epoch 1 step 420 loss 0.2692
[2026-06-01 08:06:45] epoch 1 step 430 loss 0.2673
[2026-06-01 08:06:48] epoch 1 step 440 loss 0.2326
[2026-06-01 08:06:51] epoch 1 step 450 loss 0.2360
[2026-06-01 08:06:54] epoch 1 step 460 loss 0.2106
[2026-06-01 08:06:56] epoch 1 step 470 loss 0.2546
[2026-06-01 08:06:59] epoch 1 step 480 loss 0.2348
[2026-06-01 08:07:02] epoch 1 step 490 loss 0.2941
[2026-06-01 08:07:05] epoch 1 step 500 loss 0.2726
[2026-06-01 08:07:08] epoch 1 step 510 loss 0.1894
[2026-06-01 08:07:11] epoch 1 step 520 loss 0.2221
[2026-06-01 08:07:14] epoch 1 step 530 loss 0.2318
[2026-06-01 08:07:17] epoch 1 step 540 loss 0.2025
[2026-06-01 08:07:20] epoch 1 step 550 loss 0.1952
[2026-06-01 08:07:22] epoch 1 step 560 loss 0.2538
[2026-06-01 08:07:25] epoch 1 step 570 loss 0.2212
[2026-06-01 08:07:28] epoch 1 step 580 loss 0.2526
[2026-06-01 08:07:31] epoch 1 step 590 loss 0.1839
[2026-06-01 08:07:34] epoch 1 step 600 loss 0.1944
[2026-06-01 08:07:37] epoch 1 step 610 loss 0.2525
[2026-06-01 08:07:40] epoch 1 step 620 loss 0.1928
[2026-06-01 08:07:43] epoch 1 step 630 loss 0.1903
[2026-06-01 08:07:46] epoch 1 step 640 loss 0.2244
[2026-06-01 08:07:49] epoch 1 step 650 loss 0.2276
[2026-06-01 08:07:51] epoch 1 step 660 loss 0.1642
[2026-06-01 08:07:54] epoch 1 step 670 loss 0.2759
[2026-06-01 08:07:57] epoch 1 step 680 loss 0.2359
[2026-06-01 08:08:00] epoch 1 step 690 loss 0.1945
[2026-06-01 08:08:03] epoch 1 step 700 loss 0.2046
[2026-06-01 08:08:06] epoch 1 step 710 loss 0.2051
[2026-06-01 08:08:09] epoch 1 step 720 loss 0.1890
[2026-06-01 08:08:12] epoch 1 step 730 loss 0.1952
[2026-06-01 08:08:15] epoch 1 step 740 loss 0.1594
[2026-06-01 08:08:17] epoch 1 step 750 loss 0.1994
[2026-06-01 08:08:20] epoch 1 step 760 loss 0.1430
[2026-06-01 08:08:23] epoch 1 step 770 loss 0.1807
[2026-06-01 08:08:26] epoch 1 step 780 loss 0.1738
[2026-06-01 08:08:29] epoch 1 step 790 loss 0.1892
[2026-06-01 08:08:32] epoch 1 step 800 loss 0.1318
[2026-06-01 08:08:35] epoch 1 step 810 loss 0.1502
[2026-06-01 08:08:38] epoch 1 step 820 loss 0.1495
[2026-06-01 08:08:40] epoch 1 step 830 loss 0.1412
[2026-06-01 08:08:43] epoch 1 step 840 loss 0.1691
[2026-06-01 08:08:46] epoch 1 step 850 loss 0.1846
[2026-06-01 08:08:49] epoch 1 step 860 loss 0.1813
[2026-06-01 08:08:52] epoch 1 step 870 loss 0.2015
[2026-06-01 08:08:55] epoch 1 step 880 loss 0.1636
[2026-06-01 08:08:58] epoch 1 step 890 loss 0.1576
[2026-06-01 08:09:01] epoch 1 step 900 loss 0.1602
[2026-06-01 08:09:04] epoch 1 step 910 loss 0.1506
[2026-06-01 08:09:06] epoch 1 step 920 loss 0.1723
[2026-06-01 08:09:09] epoch 1 step 930 loss 0.1375
[2026-06-01 08:09:12] epoch 1 step 940 loss 0.2098
[2026-06-01 08:09:15] epoch 1 step 950 loss 0.1715
[2026-06-01 08:09:18] epoch 1 step 960 loss 0.1723
[2026-06-01 08:09:21] epoch 1 step 970 loss 0.1355
[2026-06-01 08:09:24] epoch 1 step 980 loss 0.1624
[2026-06-01 08:09:27] epoch 1 step 990 loss 0.1495
[2026-06-01 08:09:29] epoch 1 step 1000 loss 0.1914
[2026-06-01 08:09:32] epoch 1 step 1010 loss 0.1571
[2026-06-01 08:09:35] epoch 1 step 1020 loss 0.1742
[2026-06-01 08:09:38] epoch 1 step 1030 loss 0.1247
[2026-06-01 08:09:41] epoch 1 step 1040 loss 0.1565
[2026-06-01 08:09:44] epoch 1 step 1050 loss 0.1568
[2026-06-01 08:09:47] epoch 1 step 1060 loss 0.1715
[2026-06-01 08:09:50] epoch 1 step 1070 loss 0.1517
[2026-06-01 08:09:53] epoch 1 step 1080 loss 0.1515
[2026-06-01 08:09:55] epoch 1 step 1090 loss 0.1857
[2026-06-01 08:09:58] epoch 1 step 1100 loss 0.1491
[2026-06-01 08:10:01] epoch 1 step 1110 loss 0.1355
[2026-06-01 08:10:04] epoch 1 step 1120 loss 0.1322
[2026-06-01 08:10:07] epoch 1 step 1130 loss 0.1530
[2026-06-01 08:10:10] epoch 1 step 1140 loss 0.1329
[2026-06-01 08:10:13] epoch 1 step 1150 loss 0.1317
[2026-06-01 08:10:16] epoch 1 step 1160 loss 0.1369
[2026-06-01 08:10:19] epoch 1 step 1170 loss 0.1268
[2026-06-01 08:10:21] epoch 1 step 1180 loss 0.0926
[2026-06-01 08:10:24] epoch 1 step 1190 loss 0.1079
[2026-06-01 08:10:27] epoch 1 step 1200 loss 0.1432
[2026-06-01 08:10:30] epoch 1 step 1210 loss 0.1254
[2026-06-01 08:10:33] epoch 1 step 1220 loss 0.1295
[2026-06-01 08:10:36] epoch 1 step 1230 loss 0.1389
[2026-06-01 08:10:39] epoch 1 step 1240 loss 0.1119
[2026-06-01 08:10:42] epoch 1 step 1250 loss 0.1049
[2026-06-01 08:10:44] epoch 1 step 1260 loss 0.1315
[2026-06-01 08:10:47] epoch 1 step 1270 loss 0.1186
[2026-06-01 08:10:50] epoch 1 step 1280 loss 0.1236
[2026-06-01 08:10:53] epoch 1 step 1290 loss 0.1310
[2026-06-01 08:10:56] epoch 1 step 1300 loss 0.1105
[2026-06-01 08:10:59] epoch 1 step 1310 loss 0.0918
[2026-06-01 08:11:02] epoch 1 step 1320 loss 0.1371
[2026-06-01 08:11:05] epoch 1 step 1330 loss 0.1432
[2026-06-01 08:11:08] epoch 1 step 1340 loss 0.1310
[2026-06-01 08:11:11] epoch 1 step 1350 loss 0.1023
[2026-06-01 08:11:13] epoch 1 step 1360 loss 0.1320
[2026-06-01 08:11:16] epoch 1 step 1370 loss 0.1419
[2026-06-01 08:11:19] epoch 1 step 1380 loss 0.1102
[2026-06-01 08:11:22] epoch 1 step 1390 loss 0.0984
[2026-06-01 08:11:25] epoch 1 step 1400 loss 0.0878
[2026-06-01 08:11:28] epoch 1 step 1410 loss 0.1270
[2026-06-01 08:11:31] epoch 1 step 1420 loss 0.1112
[2026-06-01 08:11:34] epoch 1 step 1430 loss 0.0969
[2026-06-01 08:11:37] epoch 1 step 1440 loss 0.0931
[2026-06-01 08:11:39] epoch 1 step 1450 loss 0.1211
[2026-06-01 08:11:42] epoch 1 step 1460 loss 0.1240
[2026-06-01 08:11:45] epoch 1 step 1470 loss 0.1051
[2026-06-01 08:11:48] epoch 1 step 1480 loss 0.1295
[2026-06-01 08:11:51] epoch 1 step 1490 loss 0.1038
[2026-06-01 08:11:54] epoch 1 step 1500 loss 0.1278
[2026-06-01 08:11:57] epoch 1 step 1510 loss 0.1256
[2026-06-01 08:12:00] epoch 1 step 1520 loss 0.1161
[2026-06-01 08:12:02] epoch 1 step 1530 loss 0.0943
[2026-06-01 08:12:05] epoch 1 step 1540 loss 0.1131
[2026-06-01 08:12:08] epoch 1 step 1550 loss 0.1032
[2026-06-01 08:12:11] epoch 1 step 1560 loss 0.1057
[2026-06-01 08:12:14] epoch 1 step 1570 loss 0.1128
[2026-06-01 08:12:17] epoch 1 step 1580 loss 0.0829
[2026-06-01 08:12:20] epoch 1 step 1590 loss 0.1065
[2026-06-01 08:12:23] epoch 1 step 1600 loss 0.0952/media/toshimitsu/ボリューム/01_MyModels/train/trainer.py:56: FutureWarning: You are using `torch.load` with `weights_only=False` (the current default value), which uses the default pickle module implicitly. It is possible to construct malicious pickle data which will execute arbitrary code during unpickling (See https://github.com/pytorch/pytorch/blob/main/SECURITY.md#untrusted-models for more details). In a future release, the default value for `weights_only` will be flipped to `True`. This limits the functions that could be executed during unpickling. Arbitrary objects will no longer be allowed to be loaded via this mode unless they are explicitly allowlisted by the user via `torch.serialization.add_safe_globals`. We recommend you start setting `weights_only=True` for any use case where you don't have full control of the loaded file. Please open an issue on GitHub for any issues related to this experimental feature.
  _ = torch.load(tmp_path, map_location="cpu")

[2026-06-01 08:12:26] epoch 1 step 1610 loss 0.0879
[2026-06-01 08:12:28] epoch 1 step 1620 loss 0.1013
[2026-06-01 08:12:31] epoch 1 step 1630 loss 0.1160
[2026-06-01 08:12:34] epoch 1 step 1640 loss 0.0970
[2026-06-01 08:12:37] epoch 1 step 1650 loss 0.1221
[2026-06-01 08:12:40] epoch 1 step 1660 loss 0.1078
[2026-06-01 08:12:43] epoch 1 step 1670 loss 0.1023
[2026-06-01 08:12:46] epoch 1 step 1680 loss 0.1200
[2026-06-01 08:12:49] epoch 1 step 1690 loss 0.1017
[2026-06-01 08:12:52] epoch 1 step 1700 loss 0.0794
[2026-06-01 08:12:54] epoch 1 step 1710 loss 0.1126
[2026-06-01 08:12:57] epoch 1 step 1720 loss 0.0968
[2026-06-01 08:13:00] epoch 1 step 1730 loss 0.1186
[2026-06-01 08:13:03] epoch 1 step 1740 loss 0.0994
[2026-06-01 08:13:06] epoch 1 step 1750 loss 0.0969
[2026-06-01 08:13:09] epoch 1 step 1760 loss 0.1037
[2026-06-01 08:13:12] epoch 1 step 1770 loss 0.0925
[2026-06-01 08:13:15] epoch 1 step 1780 loss 0.0779
[2026-06-01 08:13:18] epoch 1 step 1790 loss 0.0859
[2026-06-01 08:13:20] epoch 1 step 1800 loss 0.1151
[2026-06-01 08:13:23] epoch 1 step 1810 loss 0.1184
[2026-06-01 08:13:26] epoch 1 step 1820 loss 0.1078
[2026-06-01 08:13:29] epoch 1 step 1830 loss 0.0856
[2026-06-01 08:13:32] epoch 1 step 1840 loss 0.1119
[2026-06-01 08:13:35] epoch 1 step 1850 loss 0.0820
[2026-06-01 08:13:38] epoch 1 step 1860 loss 0.0802
[2026-06-01 08:13:41] epoch 1 step 1870 loss 0.0896
[2026-06-01 08:13:43] epoch 1 step 1880 loss 0.0904
[2026-06-01 08:13:46] epoch 1 step 1890 loss 0.0716
[2026-06-01 08:13:49] epoch 1 step 1900 loss 0.0772
[2026-06-01 08:13:52] epoch 1 step 1910 loss 0.0667
[2026-06-01 08:13:55] epoch 1 step 1920 loss 0.0795
[2026-06-01 08:13:58] epoch 1 step 1930 loss 0.0734
[2026-06-01 08:14:01] epoch 1 step 1940 loss 0.0776
[2026-06-01 08:14:04] epoch 1 step 1950 loss 0.0824
[2026-06-01 08:14:06] epoch 1 step 1960 loss 0.0828
[2026-06-01 08:14:09] epoch 1 step 1970 loss 0.0914
[2026-06-01 08:14:12] epoch 1 step 1980 loss 0.0736
[2026-06-01 08:14:15] epoch 1 step 1990 loss 0.1066
[2026-06-01 08:14:18] epoch 1 step 2000 loss 0.0896
[2026-06-01 08:14:21] epoch 1 step 2010 loss 0.1111
[2026-06-01 08:14:24] epoch 1 step 2020 loss 0.1022
[2026-06-01 08:14:27] epoch 1 step 2030 loss 0.0712
[2026-06-01 08:14:30] epoch 1 step 2040 loss 0.1042
[2026-06-01 08:14:32] epoch 1 step 2050 loss 0.0824
[2026-06-01 08:14:35] epoch 1 step 2060 loss 0.0658
[2026-06-01 08:14:38] epoch 1 step 2070 loss 0.0767
[INFO] Updated latest_step.pt (time-based)
[2026-06-01 08:14:44] epoch 1 step 2080 loss 0.0625
[2026-06-01 08:14:47] epoch 1 step 2090 loss 0.1003
[2026-06-01 08:14:50] epoch 1 step 2100 loss 0.0787
[2026-06-01 08:14:53] epoch 1 step 2110 loss 0.0687
[2026-06-01 08:14:56] epoch 1 step 2120 loss 0.0780
[2026-06-01 08:14:59] epoch 1 step 2130 loss 0.0733
[2026-06-01 08:15:02] epoch 1 step 2140 loss 0.0971
[2026-06-01 08:15:05] epoch 1 step 2150 loss 0.0696
[2026-06-01 08:15:07] epoch 1 step 2160 loss 0.0825
[2026-06-01 08:15:10] epoch 1 step 2170 loss 0.0872
[2026-06-01 08:15:13] epoch 1 step 2180 loss 0.0761
[2026-06-01 08:15:16] epoch 1 step 2190 loss 0.0649
[2026-06-01 08:15:19] epoch 1 step 2200 loss 0.0538
[2026-06-01 08:15:22] epoch 1 step 2210 loss 0.0699
[2026-06-01 08:15:25] epoch 1 step 2220 loss 0.0823
[2026-06-01 08:15:28] epoch 1 step 2230 loss 0.0505
[2026-06-01 08:15:31] epoch 1 step 2240 loss 0.0764
[2026-06-01 08:15:33] epoch 1 step 2250 loss 0.0659
[2026-06-01 08:15:36] epoch 1 step 2260 loss 0.0703
[2026-06-01 08:15:39] epoch 1 step 2270 loss 0.0646
[2026-06-01 08:15:42] epoch 1 step 2280 loss 0.0843
[2026-06-01 08:15:45] epoch 1 step 2290 loss 0.0855
[2026-06-01 08:15:48] epoch 1 step 2300 loss 0.0477
[2026-06-01 08:15:51] epoch 1 step 2310 loss 0.0598
[2026-06-01 08:15:54] epoch 1 step 2320 loss 0.0778
[2026-06-01 08:15:57] epoch 1 step 2330 loss 0.0761
[2026-06-01 08:16:00] epoch 1 step 2340 loss 0.0649
[2026-06-01 08:16:02] epoch 1 step 2350 loss 0.0632
[2026-06-01 08:16:05] epoch 1 step 2360 loss 0.0675
[2026-06-01 08:16:08] epoch 1 step 2370 loss 0.0617
[2026-06-01 08:16:11] epoch 1 step 2380 loss 0.0835
[2026-06-01 08:16:14] epoch 1 step 2390 loss 0.0759
[2026-06-01 08:16:17] epoch 1 step 2400 loss 0.0641
[2026-06-01 08:16:20] epoch 1 step 2410 loss 0.0897
[2026-06-01 08:16:23] epoch 1 step 2420 loss 0.0698
[2026-06-01 08:16:26] epoch 1 step 2430 loss 0.0539
[2026-06-01 08:16:29] epoch 1 step 2440 loss 0.0776
[2026-06-01 08:16:31] epoch 1 step 2450 loss 0.0611
[2026-06-01 08:16:34] epoch 1 step 2460 loss 0.0668
[2026-06-01 08:16:37] epoch 1 step 2470 loss 0.0583
[2026-06-01 08:16:40] epoch 1 step 2480 loss 0.0723
[2026-06-01 08:16:43] epoch 1 step 2490 loss 0.0740
[2026-06-01 08:16:46] epoch 1 step 2500 loss 0.0733
[2026-06-01 08:16:49] epoch 1 step 2510 loss 0.0747
[2026-06-01 08:16:52] epoch 1 step 2520 loss 0.0520
[2026-06-01 08:16:54] epoch 1 step 2530 loss 0.0727
[2026-06-01 08:16:57] epoch 1 step 2540 loss 0.0563
[2026-06-01 08:17:00] epoch 1 step 2550 loss 0.0681
[2026-06-01 08:17:03] epoch 1 step 2560 loss 0.0713
[2026-06-01 08:17:06] epoch 1 step 2570 loss 0.0533
[2026-06-01 08:17:09] epoch 1 step 2580 loss 0.0667
[2026-06-01 08:17:12] epoch 1 step 2590 loss 0.0885
[2026-06-01 08:17:15] epoch 1 step 2600 loss 0.0581
[2026-06-01 08:17:18] epoch 1 step 2610 loss 0.0671
[2026-06-01 08:17:20] epoch 1 step 2620 loss 0.0612
[2026-06-01 08:17:23] epoch 1 step 2630 loss 0.0773
[2026-06-01 08:17:26] epoch 1 step 2640 loss 0.0633
[2026-06-01 08:17:29] epoch 1 step 2650 loss 0.0401
[2026-06-01 08:17:32] epoch 1 step 2660 loss 0.0680
[2026-06-01 08:17:35] epoch 1 step 2670 loss 0.0651
[2026-06-01 08:17:38] epoch 1 step 2680 loss 0.0554
[2026-06-01 08:17:41] epoch 1 step 2690 loss 0.0618
[2026-06-01 08:17:44] epoch 1 step 2700 loss 0.0758
[2026-06-01 08:17:46] epoch 1 step 2710 loss 0.0536
[2026-06-01 08:17:49] epoch 1 step 2720 loss 0.0802
[2026-06-01 08:17:52] epoch 1 step 2730 loss 0.0625
[2026-06-01 08:17:55] epoch 1 step 2740 loss 0.0379
[2026-06-01 08:17:58] epoch 1 step 2750 loss 0.0555
[2026-06-01 08:18:01] epoch 1 step 2760 loss 0.0520
[2026-06-01 08:18:04] epoch 1 step 2770 loss 0.0514
[2026-06-01 08:18:07] epoch 1 step 2780 loss 0.0724
[2026-06-01 08:18:10] epoch 1 step 2790 loss 0.0644
[2026-06-01 08:18:12] epoch 1 step 2800 loss 0.0703
[2026-06-01 08:18:15] epoch 1 step 2810 loss 0.0610
[2026-06-01 08:18:18] epoch 1 step 2820 loss 0.0611
[2026-06-01 08:18:21] epoch 1 step 2830 loss 0.0559
[2026-06-01 08:18:24] epoch 1 step 2840 loss 0.0640
[2026-06-01 08:18:27] epoch 1 step 2850 loss 0.0459
[2026-06-01 08:18:30] epoch 1 step 2860 loss 0.0678
[2026-06-01 08:18:33] epoch 1 step 2870 loss 0.0470
[2026-06-01 08:18:36] epoch 1 step 2880 loss 0.0538
[2026-06-01 08:18:39] epoch 1 step 2890 loss 0.0604
[2026-06-01 08:18:41] epoch 1 step 2900 loss 0.0555
[2026-06-01 08:18:44] epoch 1 step 2910 loss 0.0601
[2026-06-01 08:18:47] epoch 1 step 2920 loss 0.0722
[2026-06-01 08:18:50] epoch 1 step 2930 loss 0.0293
[2026-06-01 08:18:53] epoch 1 step 2940 loss 0.0463
[2026-06-01 08:18:56] epoch 1 step 2950 loss 0.0621
[2026-06-01 08:18:59] epoch 1 step 2960 loss 0.0476
[2026-06-01 08:19:02] epoch 1 step 2970 loss 0.0567
[2026-06-01 08:19:05] epoch 1 step 2980 loss 0.0428
[2026-06-01 08:19:08] epoch 1 step 2990 loss 0.0457
[2026-06-01 08:19:11] epoch 1 step 3000 loss 0.0625
[2026-06-01 08:19:13] epoch 1 step 3010 loss 0.0513
[2026-06-01 08:19:16] epoch 1 step 3020 loss 0.0548
[2026-06-01 08:19:19] epoch 1 step 3030 loss 0.0741
[2026-06-01 08:19:22] epoch 1 step 3040 loss 0.0649
[2026-06-01 08:19:25] epoch 1 step 3050 loss 0.0646
[2026-06-01 08:19:28] epoch 1 step 3060 loss 0.0632
[2026-06-01 08:19:31] epoch 1 step 3070 loss 0.0586
[2026-06-01 08:19:34] epoch 1 step 3080 loss 0.0434
[2026-06-01 08:19:36] epoch 1 step 3090 loss 0.0591
[2026-06-01 08:19:39] epoch 1 step 3100 loss 0.0383
[2026-06-01 08:19:42] epoch 1 step 3110 loss 0.0434
[2026-06-01 08:19:45] epoch 1 step 3120 loss 0.0375
[2026-06-01 08:19:48] epoch 1 step 3130 loss 0.0470
[2026-06-01 08:19:51] epoch 1 step 3140 loss 0.0450
[2026-06-01 08:19:54] epoch 1 step 3150 loss 0.0569
[2026-06-01 08:19:57] epoch 1 step 3160 loss 0.0538
[2026-06-01 08:20:00] epoch 1 step 3170 loss 0.0350
[2026-06-01 08:20:02] epoch 1 step 3180 loss 0.0590
[2026-06-01 08:20:05] epoch 1 step 3190 loss 0.0495
[2026-06-01 08:20:08] epoch 1 step 3200 loss 0.0653
[2026-06-01 08:20:11] epoch 1 step 3210 loss 0.0398
[2026-06-01 08:20:14] epoch 1 step 3220 loss 0.0408
[2026-06-01 08:20:17] epoch 1 step 3230 loss 0.0435
[2026-06-01 08:20:20] epoch 1 step 3240 loss 0.0405
[2026-06-01 08:20:23] epoch 1 step 3250 loss 0.0369
[2026-06-01 08:20:26] epoch 1 step 3260 loss 0.0521
[2026-06-01 08:20:28] epoch 1 step 3270 loss 0.0444
[2026-06-01 08:20:31] epoch 1 step 3280 loss 0.0508
[2026-06-01 08:20:34] epoch 1 step 3290 loss 0.0444
[2026-06-01 08:20:37] epoch 1 step 3300 loss 0.0426
[2026-06-01 08:20:40] epoch 1 step 3310 loss 0.0431
[2026-06-01 08:20:43] epoch 1 step 3320 loss 0.0566
[2026-06-01 08:20:46] epoch 1 step 3330 loss 0.0405
[2026-06-01 08:20:49] epoch 1 step 3340 loss 0.0450
[2026-06-01 08:20:51] epoch 1 step 3350 loss 0.0440
[2026-06-01 08:20:54] epoch 1 step 3360 loss 0.0554
[2026-06-01 08:20:57] epoch 1 step 3370 loss 0.0443
[2026-06-01 08:21:00] epoch 1 step 3380 loss 0.0577
[2026-06-01 08:21:03] epoch 1 step 3390 loss 0.0536
[2026-06-01 08:21:06] epoch 1 step 3400 loss 0.0321
[2026-06-01 08:21:09] epoch 1 step 3410 loss 0.0451
[2026-06-01 08:21:12] epoch 1 step 3420 loss 0.0484
[2026-06-01 08:21:15] epoch 1 step 3430 loss 0.0583
[2026-06-01 08:21:17] epoch 1 step 3440 loss 0.0309
[2026-06-01 08:21:20] epoch 1 step 3450 loss 0.0563
[2026-06-01 08:21:23] epoch 1 step 3460 loss 0.0459
[2026-06-01 08:21:26] epoch 1 step 3470 loss 0.0493
[2026-06-01 08:21:29] epoch 1 step 3480 loss 0.0393
[2026-06-01 08:21:32] epoch 1 step 3490 loss 0.0510
[2026-06-01 08:21:35] epoch 1 step 3500 loss 0.0439
[2026-06-01 08:21:38] epoch 1 step 3510 loss 0.0355
[2026-06-01 08:21:41] epoch 1 step 3520 loss 0.0522
[2026-06-01 08:21:43] epoch 1 step 3530 loss 0.0580
[2026-06-01 08:21:46] epoch 1 step 3540 loss 0.0475
[2026-06-01 08:21:49] epoch 1 step 3550 loss 0.0384
[2026-06-01 08:21:52] epoch 1 step 3560 loss 0.0333
[2026-06-01 08:21:55] epoch 1 step 3570 loss 0.0478
[2026-06-01 08:21:58] epoch 1 step 3580 loss 0.0434
[2026-06-01 08:22:01] epoch 1 step 3590 loss 0.0445
[2026-06-01 08:22:04] epoch 1 step 3600 loss 0.0434
[2026-06-01 08:22:07] epoch 1 step 3610 loss 0.0549
[2026-06-01 08:22:10] epoch 1 step 3620 loss 0.0379
[2026-06-01 08:22:13] epoch 1 step 3630 loss 0.0477
[2026-06-01 08:22:15] epoch 1 step 3640 loss 0.0480
[2026-06-01 08:22:18] epoch 1 step 3650 loss 0.0586
[2026-06-01 08:22:21] epoch 1 step 3660 loss 0.0523
[2026-06-01 08:22:24] epoch 1 step 3670 loss 0.0488
[2026-06-01 08:22:27] epoch 1 step 3680 loss 0.0452
[2026-06-01 08:22:30] epoch 1 step 3690 loss 0.0354
[2026-06-01 08:22:33] epoch 1 step 3700 loss 0.0394
[2026-06-01 08:22:36] epoch 1 step 3710 loss 0.0425
[2026-06-01 08:22:39] epoch 1 step 3720 loss 0.0479
[2026-06-01 08:22:41] epoch 1 step 3730 loss 0.0444
[2026-06-01 08:22:44] epoch 1 step 3740 loss 0.0406
[2026-06-01 08:22:47] epoch 1 step 3750 loss 0.0474
[2026-06-01 08:22:50] epoch 1 step 3760 loss 0.0425
[2026-06-01 08:22:53] epoch 1 step 3770 loss 0.0445
[2026-06-01 08:22:56] epoch 1 step 3780 loss 0.0337
[2026-06-01 08:22:59] epoch 1 step 3790 loss 0.0578
[2026-06-01 08:23:02] epoch 1 step 3800 loss 0.0476
[2026-06-01 08:23:04] epoch 1 step 3810 loss 0.0538
[2026-06-01 08:23:07] epoch 1 step 3820 loss 0.0370
[2026-06-01 08:23:10] epoch 1 step 3830 loss 0.0330
[2026-06-01 08:23:13] epoch 1 step 3840 loss 0.0413
[2026-06-01 08:23:16] epoch 1 step 3850 loss 0.0543
[2026-06-01 08:23:19] epoch 1 step 3860 loss 0.0527
[2026-06-01 08:23:22] epoch 1 step 3870 loss 0.0332
[2026-06-01 08:23:25] epoch 1 step 3880 loss 0.0396
[2026-06-01 08:23:28] epoch 1 step 3890 loss 0.0472
[2026-06-01 08:23:31] epoch 1 step 3900 loss 0.0437
[2026-06-01 08:23:33] epoch 1 step 3910 loss 0.0467
[2026-06-01 08:23:36] epoch 1 step 3920 loss 0.0487
[2026-06-01 08:23:39] epoch 1 step 3930 loss 0.0476
[2026-06-01 08:23:42] epoch 1 step 3940 loss 0.0387
[2026-06-01 08:23:45] epoch 1 step 3950 loss 0.0281
[2026-06-01 08:23:48] epoch 1 step 3960 loss 0.0337
[2026-06-01 08:23:51] epoch 1 step 3970 loss 0.0419
[2026-06-01 08:23:54] epoch 1 step 3980 loss 0.0411
[2026-06-01 08:23:57] epoch 1 step 3990 loss 0.0470
[2026-06-01 08:24:00] epoch 1 step 4000 loss 0.0279
[2026-06-01 08:24:02] epoch 1 step 4010 loss 0.0445
[2026-06-01 08:24:05] epoch 1 step 4020 loss 0.0318
[2026-06-01 08:24:08] epoch 1 step 4030 loss 0.0356
[2026-06-01 08:24:11] epoch 1 step 4040 loss 0.0559
[2026-06-01 08:24:14] epoch 1 step 4050 loss 0.0480
[2026-06-01 08:24:17] epoch 1 step 4060 loss 0.0337
[2026-06-01 08:24:20] epoch 1 step 4070 loss 0.0372
[2026-06-01 08:24:23] epoch 1 step 4080 loss 0.0404
[2026-06-01 08:24:26] epoch 1 step 4090 loss 0.0310
[2026-06-01 08:24:28] epoch 1 step 4100 loss 0.0514
[2026-06-01 08:24:31] epoch 1 step 4110 loss 0.0327
[2026-06-01 08:24:34] epoch 1 step 4120 loss 0.0340
[2026-06-01 08:24:37] epoch 1 step 4130 loss 0.0535
[2026-06-01 08:24:40] epoch 1 step 4140 loss 0.0335
[INFO] Updated latest_step.pt (time-based)
[2026-06-01 08:24:47] epoch 1 step 4150 loss 0.0343
[2026-06-01 08:24:50] epoch 1 step 4160 loss 0.0339
[2026-06-01 08:24:53] epoch 1 step 4170 loss 0.0418
[2026-06-01 08:24:56] epoch 1 step 4180 loss 0.0425
[2026-06-01 08:24:59] epoch 1 step 4190 loss 0.0483
[2026-06-01 08:25:01] epoch 1 step 4200 loss 0.0296
[2026-06-01 08:25:04] epoch 1 step 4210 loss 0.0481
[2026-06-01 08:25:07] epoch 1 step 4220 loss 0.0320
[2026-06-01 08:25:10] epoch 1 step 4230 loss 0.0380
[2026-06-01 08:25:13] epoch 1 step 4240 loss 0.0393
[2026-06-01 08:25:16] epoch 1 step 4250 loss 0.0432
[2026-06-01 08:25:19] epoch 1 step 4260 loss 0.0309
[2026-06-01 08:25:22] epoch 1 step 4270 loss 0.0394
[2026-06-01 08:25:25] epoch 1 step 4280 loss 0.0422
[2026-06-01 08:25:27] epoch 1 step 4290 loss 0.0457
[2026-06-01 08:25:30] epoch 1 step 4300 loss 0.0293
[2026-06-01 08:25:33] epoch 1 step 4310 loss 0.0427
[2026-06-01 08:25:36] epoch 1 step 4320 loss 0.0323
[2026-06-01 08:25:39] epoch 1 step 4330 loss 0.0374
[2026-06-01 08:25:42] epoch 1 step 4340 loss 0.0403
[2026-06-01 08:25:45] epoch 1 step 4350 loss 0.0388
[2026-06-01 08:25:48] epoch 1 step 4360 loss 0.0345
[2026-06-01 08:25:51] epoch 1 step 4370 loss 0.0274
[2026-06-01 08:25:54] epoch 1 step 4380 loss 0.0337
[2026-06-01 08:25:56] epoch 1 step 4390 loss 0.0377
[2026-06-01 08:25:59] epoch 1 step 4400 loss 0.0380
[2026-06-01 08:26:02] epoch 1 step 4410 loss 0.0314
[2026-06-01 08:26:05] epoch 1 step 4420 loss 0.0348
[2026-06-01 08:26:08] epoch 1 step 4430 loss 0.0232
[2026-06-01 08:26:11] epoch 1 step 4440 loss 0.0316
[2026-06-01 08:26:14] epoch 1 step 4450 loss 0.0360
[2026-06-01 08:26:17] epoch 1 step 4460 loss 0.0312
[2026-06-01 08:26:20] epoch 1 step 4470 loss 0.0377
[2026-06-01 08:26:22] epoch 1 step 4480 loss 0.0377
[2026-06-01 08:26:25] epoch 1 step 4490 loss 0.0484
[2026-06-01 08:26:28] epoch 1 step 4500 loss 0.0342
[2026-06-01 08:26:31] epoch 1 step 4510 loss 0.0351
[2026-06-01 08:26:34] epoch 1 step 4520 loss 0.0397
[2026-06-01 08:26:37] epoch 1 step 4530 loss 0.0344
[2026-06-01 08:26:40] epoch 1 step 4540 loss 0.0325
[2026-06-01 08:26:43] epoch 1 step 4550 loss 0.0322
[2026-06-01 08:26:46] epoch 1 step 4560 loss 0.0248
[2026-06-01 08:26:48] epoch 1 step 4570 loss 0.0423
[2026-06-01 08:26:51] epoch 1 step 4580 loss 0.0343
[2026-06-01 08:26:54] epoch 1 step 4590 loss 0.0433
[2026-06-01 08:26:57] epoch 1 step 4600 loss 0.0356
[2026-06-01 08:27:00] epoch 1 step 4610 loss 0.0490
[2026-06-01 08:27:03] epoch 1 step 4620 loss 0.0405
[2026-06-01 08:27:06] epoch 1 step 4630 loss 0.0286
[2026-06-01 08:27:09] epoch 1 step 4640 loss 0.0271
[2026-06-01 08:27:12] epoch 1 step 4650 loss 0.0335
[2026-06-01 08:27:14] epoch 1 step 4660 loss 0.0316
[2026-06-01 08:27:17] epoch 1 step 4670 loss 0.0343
[2026-06-01 08:27:20] epoch 1 step 4680 loss 0.0324
[2026-06-01 08:27:23] epoch 1 step 4690 loss 0.0342
[2026-06-01 08:27:26] epoch 1 step 4700 loss 0.0469
[2026-06-01 08:27:29] epoch 1 step 4710 loss 0.0362
[2026-06-01 08:27:32] epoch 1 step 4720 loss 0.0433
[2026-06-01 08:27:35] epoch 1 step 4730 loss 0.0309
[2026-06-01 08:27:38] epoch 1 step 4740 loss 0.0362
[2026-06-01 08:27:40] epoch 1 step 4750 loss 0.0325
[2026-06-01 08:27:43] epoch 1 step 4760 loss 0.0367
[2026-06-01 08:27:46] epoch 1 step 4770 loss 0.0363
[2026-06-01 08:27:49] epoch 1 step 4780 loss 0.0294
[2026-06-01 08:27:52] epoch 1 step 4790 loss 0.0341
[2026-06-01 08:27:55] epoch 1 step 4800 loss 0.0313
[2026-06-01 08:27:58] epoch 1 step 4810 loss 0.0384
[2026-06-01 08:28:01] epoch 1 step 4820 loss 0.0337
[2026-06-01 08:28:04] epoch 1 step 4830 loss 0.0392
[2026-06-01 08:28:06] epoch 1 step 4840 loss 0.0372
[2026-06-01 08:28:09] epoch 1 step 4850 loss 0.0302
[2026-06-01 08:28:12] epoch 1 step 4860 loss 0.0174
[2026-06-01 08:28:15] epoch 1 step 4870 loss 0.0388
[2026-06-01 08:28:18] epoch 1 step 4880 loss 0.0408
[2026-06-01 08:28:21] epoch 1 step 4890 loss 0.0417
[2026-06-01 08:28:24] epoch 1 step 4900 loss 0.0343
[2026-06-01 08:28:27] epoch 1 step 4910 loss 0.0296
[2026-06-01 08:28:30] epoch 1 step 4920 loss 0.0384
[2026-06-01 08:28:32] epoch 1 step 4930 loss 0.0412
[2026-06-01 08:28:35] epoch 1 step 4940 loss 0.0339
[2026-06-01 08:28:38] epoch 1 step 4950 loss 0.0340
[2026-06-01 08:28:41] epoch 1 step 4960 loss 0.0400
[2026-06-01 08:28:44] epoch 1 step 4970 loss 0.0338
[2026-06-01 08:28:47] epoch 1 step 4980 loss 0.0340
[2026-06-01 08:28:50] epoch 1 step 4990 loss 0.0324
[2026-06-01 08:28:53] epoch 1 step 5000 loss 0.0401
[INFO] Saved step checkpoint: checkpoints/ft_step_checkpoint_v0.00based_e1_s5000.pt
[2026-06-01 08:28:57] epoch 1 step 5010 loss 0.0386
[2026-06-01 08:29:00] epoch 1 step 5020 loss 0.0394
[2026-06-01 08:29:03] epoch 1 step 5030 loss 0.0304
[2026-06-01 08:29:06] epoch 1 step 5040 loss 0.0239
[2026-06-01 08:29:09] epoch 1 step 5050 loss 0.0384
[2026-06-01 08:29:11] epoch 1 step 5060 loss 0.0371
[2026-06-01 08:29:14] epoch 1 step 5070 loss 0.0374
[2026-06-01 08:29:17] epoch 1 step 5080 loss 0.0332
[2026-06-01 08:29:20] epoch 1 step 5090 loss 0.0205
[2026-06-01 08:29:23] epoch 1 step 5100 loss 0.0337
[2026-06-01 08:29:26] epoch 1 step 5110 loss 0.0361
[2026-06-01 08:29:29] epoch 1 step 5120 loss 0.0326
[2026-06-01 08:29:32] epoch 1 step 5130 loss 0.0358
[2026-06-01 08:29:35] epoch 1 step 5140 loss 0.0342
[2026-06-01 08:29:37] epoch 1 step 5150 loss 0.0419
[2026-06-01 08:29:40] epoch 1 step 5160 loss 0.0314
[2026-06-01 08:29:43] epoch 1 step 5170 loss 0.0320
[2026-06-01 08:29:46] epoch 1 step 5180 loss 0.0344
[2026-06-01 08:29:49] epoch 1 step 5190 loss 0.0417
[2026-06-01 08:29:52] epoch 1 step 5200 loss 0.0342
[2026-06-01 08:29:55] epoch 1 step 5210 loss 0.0285
[2026-06-01 08:29:58] epoch 1 step 5220 loss 0.0367
[2026-06-01 08:30:01] epoch 1 step 5230 loss 0.0309
[2026-06-01 08:30:04] epoch 1 step 5240 loss 0.0270
[2026-06-01 08:30:06] epoch 1 step 5250 loss 0.0290
[2026-06-01 08:30:09] epoch 1 step 5260 loss 0.0341
[2026-06-01 08:30:12] epoch 1 step 5270 loss 0.0156
[2026-06-01 08:30:15] epoch 1 step 5280 loss 0.0428
[2026-06-01 08:30:18] epoch 1 step 5290 loss 0.0378
[2026-06-01 08:30:21] epoch 1 step 5300 loss 0.0322
[2026-06-01 08:30:24] epoch 1 step 5310 loss 0.0399
[2026-06-01 08:30:27] epoch 1 step 5320 loss 0.0313
[2026-06-01 08:30:30] epoch 1 step 5330 loss 0.0259
[2026-06-01 08:30:33] epoch 1 step 5340 loss 0.0305
[2026-06-01 08:30:36] epoch 1 step 5350 loss 0.0327
[2026-06-01 08:30:38] epoch 1 step 5360 loss 0.0360
[2026-06-01 08:30:41] epoch 1 step 5370 loss 0.0386
[2026-06-01 08:30:44] epoch 1 step 5380 loss 0.0227
[2026-06-01 08:30:47] epoch 1 step 5390 loss 0.0314
[2026-06-01 08:30:50] epoch 1 step 5400 loss 0.0344
[2026-06-01 08:30:53] epoch 1 step 5410 loss 0.0292
[2026-06-01 08:30:56] epoch 1 step 5420 loss 0.0395
[2026-06-01 08:30:59] epoch 1 step 5430 loss 0.0349
[2026-06-01 08:31:02] epoch 1 step 5440 loss 0.0269
[2026-06-01 08:31:05] epoch 1 step 5450 loss 0.0223
[2026-06-01 08:31:07] epoch 1 step 5460 loss 0.0343
[2026-06-01 08:31:10] epoch 1 step 5470 loss 0.0269
[2026-06-01 08:31:13] epoch 1 step 5480 loss 0.0359
[2026-06-01 08:31:16] epoch 1 step 5490 loss 0.0285
[2026-06-01 08:31:19] epoch 1 step 5500 loss 0.0308
[2026-06-01 08:31:22] epoch 1 step 5510 loss 0.0320
[2026-06-01 08:31:25] epoch 1 step 5520 loss 0.0308
[2026-06-01 08:31:28] epoch 1 step 5530 loss 0.0363
[2026-06-01 08:31:31] epoch 1 step 5540 loss 0.0311
[2026-06-01 08:31:33] epoch 1 step 5550 loss 0.0380
[2026-06-01 08:31:36] epoch 1 step 5560 loss 0.0279
[2026-06-01 08:31:39] epoch 1 step 5570 loss 0.0279
[2026-06-01 08:31:42] epoch 1 step 5580 loss 0.0286
[2026-06-01 08:31:45] epoch 1 step 5590 loss 0.0357
[2026-06-01 08:31:48] epoch 1 step 5600 loss 0.0339
[2026-06-01 08:31:51] epoch 1 step 5610 loss 0.0295
[2026-06-01 08:31:54] epoch 1 step 5620 loss 0.0289
[2026-06-01 08:31:57] epoch 1 step 5630 loss 0.0284
[2026-06-01 08:32:00] epoch 1 step 5640 loss 0.0428
[2026-06-01 08:32:02] epoch 1 step 5650 loss 0.0279
[2026-06-01 08:32:05] epoch 1 step 5660 loss 0.0307
[2026-06-01 08:32:08] epoch 1 step 5670 loss 0.0369
[2026-06-01 08:32:11] epoch 1 step 5680 loss 0.0326
[2026-06-01 08:32:14] epoch 1 step 5690 loss 0.0347
[2026-06-01 08:32:17] epoch 1 step 5700 loss 0.0239
[2026-06-01 08:32:20] epoch 1 step 5710 loss 0.0324
[2026-06-01 08:32:23] epoch 1 step 5720 loss 0.0243
[2026-06-01 08:32:26] epoch 1 step 5730 loss 0.0389
[2026-06-01 08:32:29] epoch 1 step 5740 loss 0.0260
[2026-06-01 08:32:31] epoch 1 step 5750 loss 0.0333
[2026-06-01 08:32:34] epoch 1 step 5760 loss 0.0284
[2026-06-01 08:32:37] epoch 1 step 5770 loss 0.0377
[2026-06-01 08:32:40] epoch 1 step 5780 loss 0.0275
[2026-06-01 08:32:43] epoch 1 step 5790 loss 0.0258
[2026-06-01 08:32:46] epoch 1 step 5800 loss 0.0348
[2026-06-01 08:32:49] epoch 1 step 5810 loss 0.0225
[2026-06-01 08:32:52] epoch 1 step 5820 loss 0.0280
[2026-06-01 08:32:55] epoch 1 step 5830 loss 0.0298
[2026-06-01 08:32:58] epoch 1 step 5840 loss 0.0271
[2026-06-01 08:33:01] epoch 1 step 5850 loss 0.0428
[2026-06-01 08:33:04] epoch 1 step 5860 loss 0.0347
[2026-06-01 08:33:07] epoch 1 step 5870 loss 0.0215
[2026-06-01 08:33:09] epoch 1 step 5880 loss 0.0288
[2026-06-01 08:33:12] epoch 1 step 5890 loss 0.0375
[2026-06-01 08:33:15] epoch 1 step 5900 loss 0.0288
[2026-06-01 08:33:18] epoch 1 step 5910 loss 0.0244
[2026-06-01 08:33:21] epoch 1 step 5920 loss 0.0220
[2026-06-01 08:33:24] epoch 1 step 5930 loss 0.0307
[2026-06-01 08:33:27] epoch 1 step 5940 loss 0.0366
[2026-06-01 08:33:30] epoch 1 step 5950 loss 0.0361
[2026-06-01 08:33:33] epoch 1 step 5960 loss 0.0321
[2026-06-01 08:33:36] epoch 1 step 5970 loss 0.0288
[2026-06-01 08:33:39] epoch 1 step 5980 loss 0.0209
[2026-06-01 08:33:41] epoch 1 step 5990 loss 0.0205
[2026-06-01 08:33:44] epoch 1 step 6000 loss 0.0296
[2026-06-01 08:33:47] epoch 1 step 6010 loss 0.0257
[2026-06-01 08:33:50] epoch 1 step 6020 loss 0.0344
[2026-06-01 08:33:53] epoch 1 step 6030 loss 0.0258
[2026-06-01 08:33:56] epoch 1 step 6040 loss 0.0249
[2026-06-01 08:33:59] epoch 1 step 6050 loss 0.0215
[2026-06-01 08:34:02] epoch 1 step 6060 loss 0.0366
[2026-06-01 08:34:05] epoch 1 step 6070 loss 0.0220
[2026-06-01 08:34:08] epoch 1 step 6080 loss 0.0376
[2026-06-01 08:34:10] epoch 1 step 6090 loss 0.0331
[2026-06-01 08:34:13] epoch 1 step 6100 loss 0.0280
[2026-06-01 08:34:16] epoch 1 step 6110 loss 0.0324
[2026-06-01 08:34:19] epoch 1 step 6120 loss 0.0310
[2026-06-01 08:34:22] epoch 1 step 6130 loss 0.0275
[2026-06-01 08:34:25] epoch 1 step 6140 loss 0.0266
[2026-06-01 08:34:28] epoch 1 step 6150 loss 0.0252
[2026-06-01 08:34:31] epoch 1 step 6160 loss 0.0342
[2026-06-01 08:34:34] epoch 1 step 6170 loss 0.0316
[2026-06-01 08:34:37] epoch 1 step 6180 loss 0.0283
[2026-06-01 08:34:40] epoch 1 step 6190 loss 0.0358
[INFO] Updated latest_step.pt (time-based)
[2026-06-01 08:34:47] epoch 1 step 6200 loss 0.0340
[2026-06-01 08:34:50] epoch 1 step 6210 loss 0.0288
[2026-06-01 08:34:53] epoch 1 step 6220 loss 0.0370
[2026-06-01 08:34:56] epoch 1 step 6230 loss 0.0337
[2026-06-01 08:34:58] epoch 1 step 6240 loss 0.0378
[2026-06-01 08:35:01] epoch 1 step 6250 loss 0.0321
[2026-06-01 08:35:04] epoch 1 step 6260 loss 0.0224
[2026-06-01 08:35:07] epoch 1 step 6270 loss 0.0335
[2026-06-01 08:35:10] epoch 1 step 6280 loss 0.0294
[2026-06-01 08:35:13] epoch 1 step 6290 loss 0.0253
[2026-06-01 08:35:16] epoch 1 step 6300 loss 0.0260
[2026-06-01 08:35:19] epoch 1 step 6310 loss 0.0321
[2026-06-01 08:35:22] epoch 1 step 6320 loss 0.0352
[2026-06-01 08:35:25] epoch 1 step 6330 loss 0.0373
[2026-06-01 08:35:27] epoch 1 step 6340 loss 0.0298
[2026-06-01 08:35:30] epoch 1 step 6350 loss 0.0335
[2026-06-01 08:35:33] epoch 1 step 6360 loss 0.0343
[2026-06-01 08:35:36] epoch 1 step 6370 loss 0.0216
[2026-06-01 08:35:39] epoch 1 step 6380 loss 0.0316
[2026-06-01 08:35:42] epoch 1 step 6390 loss 0.0297
[2026-06-01 08:35:45] epoch 1 step 6400 loss 0.0380
[2026-06-01 08:35:48] epoch 1 step 6410 loss 0.0341
[2026-06-01 08:35:51] epoch 1 step 6420 loss 0.0300
[2026-06-01 08:35:54] epoch 1 step 6430 loss 0.0345
[2026-06-01 08:35:56] epoch 1 step 6440 loss 0.0268
[2026-06-01 08:35:59] epoch 1 step 6450 loss 0.0206
[2026-06-01 08:36:02] epoch 1 step 6460 loss 0.0313
[2026-06-01 08:36:05] epoch 1 step 6470 loss 0.0315
[2026-06-01 08:36:08] epoch 1 step 6480 loss 0.0275
[2026-06-01 08:36:11] epoch 1 step 6490 loss 0.0265
[2026-06-01 08:36:14] epoch 1 step 6500 loss 0.0302
[2026-06-01 08:36:17] epoch 1 step 6510 loss 0.0272
[2026-06-01 08:36:20] epoch 1 step 6520 loss 0.0286
[2026-06-01 08:36:23] epoch 1 step 6530 loss 0.0298
[2026-06-01 08:36:25] epoch 1 step 6540 loss 0.0301
[2026-06-01 08:36:28] epoch 1 step 6550 loss 0.0323
[2026-06-01 08:36:31] epoch 1 step 6560 loss 0.0347
[2026-06-01 08:36:34] epoch 1 step 6570 loss 0.0300
[2026-06-01 08:36:37] epoch 1 step 6580 loss 0.0336
[2026-06-01 08:36:40] epoch 1 step 6590 loss 0.0269
[2026-06-01 08:36:43] epoch 1 step 6600 loss 0.0288
[2026-06-01 08:36:46] epoch 1 step 6610 loss 0.0411
[2026-06-01 08:36:49] epoch 1 step 6620 loss 0.0292
[2026-06-01 08:36:51] epoch 1 step 6630 loss 0.0404
[2026-06-01 08:36:54] epoch 1 step 6640 loss 0.0266
[2026-06-01 08:36:57] epoch 1 step 6650 loss 0.0324
[2026-06-01 08:37:00] epoch 1 step 6660 loss 0.0281
[2026-06-01 08:37:03] epoch 1 step 6670 loss 0.0331
[2026-06-01 08:37:06] epoch 1 step 6680 loss 0.0247
[2026-06-01 08:37:09] epoch 1 step 6690 loss 0.0373
[2026-06-01 08:37:12] epoch 1 step 6700 loss 0.0226
[2026-06-01 08:37:15] epoch 1 step 6710 loss 0.0284
[2026-06-01 08:37:17] epoch 1 step 6720 loss 0.0268
[2026-06-01 08:37:20] epoch 1 step 6730 loss 0.0269
[2026-06-01 08:37:23] epoch 1 step 6740 loss 0.0230
[2026-06-01 08:37:26] epoch 1 step 6750 loss 0.0240
[2026-06-01 08:37:29] epoch 1 step 6760 loss 0.0328
[2026-06-01 08:37:32] epoch 1 step 6770 loss 0.0301
[2026-06-01 08:37:35] epoch 1 step 6780 loss 0.0302
[2026-06-01 08:37:38] epoch 1 step 6790 loss 0.0272
[2026-06-01 08:37:41] epoch 1 step 6800 loss 0.0291
[2026-06-01 08:37:44] epoch 1 step 6810 loss 0.0219
[2026-06-01 08:37:46] epoch 1 step 6820 loss 0.0296
[2026-06-01 08:37:49] epoch 1 step 6830 loss 0.0255
[2026-06-01 08:37:52] epoch 1 step 6840 loss 0.0266
[2026-06-01 08:37:55] epoch 1 step 6850 loss 0.0254
[2026-06-01 08:37:58] epoch 1 step 6860 loss 0.0285
[2026-06-01 08:38:01] epoch 1 step 6870 loss 0.0257
[2026-06-01 08:38:04] epoch 1 step 6880 loss 0.0309
[2026-06-01 08:38:07] epoch 1 step 6890 loss 0.0333
[2026-06-01 08:38:10] epoch 1 step 6900 loss 0.0322
[2026-06-01 08:38:13] epoch 1 step 6910 loss 0.0281
[2026-06-01 08:38:15] epoch 1 step 6920 loss 0.0280
[2026-06-01 08:38:18] epoch 1 step 6930 loss 0.0298
[2026-06-01 08:38:21] epoch 1 step 6940 loss 0.0330
[2026-06-01 08:38:24] epoch 1 step 6950 loss 0.0388
[2026-06-01 08:38:27] epoch 1 step 6960 loss 0.0301
[2026-06-01 08:38:30] epoch 1 step 6970 loss 0.0286
[2026-06-01 08:38:33] epoch 1 step 6980 loss 0.0270
[2026-06-01 08:38:36] epoch 1 step 6990 loss 0.0288
[2026-06-01 08:38:39] epoch 1 step 7000 loss 0.0320
[2026-06-01 08:38:42] epoch 1 step 7010 loss 0.0227
[2026-06-01 08:38:44] epoch 1 step 7020 loss 0.0310
[2026-06-01 08:38:47] epoch 1 step 7030 loss 0.0245
[2026-06-01 08:38:50] epoch 1 step 7040 loss 0.0296
[2026-06-01 08:38:53] epoch 1 step 7050 loss 0.0278
[2026-06-01 08:38:56] epoch 1 step 7060 loss 0.0255
[2026-06-01 08:38:59] epoch 1 step 7070 loss 0.0251
[2026-06-01 08:39:02] epoch 1 step 7080 loss 0.0275
[2026-06-01 08:39:05] epoch 1 step 7090 loss 0.0220
[2026-06-01 08:39:08] epoch 1 step 7100 loss 0.0183
[2026-06-01 08:39:11] epoch 1 step 7110 loss 0.0267
[2026-06-01 08:39:13] epoch 1 step 7120 loss 0.0307
[2026-06-01 08:39:16] epoch 1 step 7130 loss 0.0276
[2026-06-01 08:39:19] epoch 1 step 7140 loss 0.0154
[2026-06-01 08:39:22] epoch 1 step 7150 loss 0.0367
[2026-06-01 08:39:25] epoch 1 step 7160 loss 0.0293
[2026-06-01 08:39:28] epoch 1 step 7170 loss 0.0241
[2026-06-01 08:39:31] epoch 1 step 7180 loss 0.0338
[2026-06-01 08:39:34] epoch 1 step 7190 loss 0.0273
[2026-06-01 08:39:37] epoch 1 step 7200 loss 0.0220
[2026-06-01 08:39:40] epoch 1 step 7210 loss 0.0262
[2026-06-01 08:39:42] epoch 1 step 7220 loss 0.0273
[2026-06-01 08:39:45] epoch 1 step 7230 loss 0.0180
[2026-06-01 08:39:48] epoch 1 step 7240 loss 0.0263
[2026-06-01 08:39:51] epoch 1 step 7250 loss 0.0210
[2026-06-01 08:39:54] epoch 1 step 7260 loss 0.0272
[2026-06-01 08:39:57] epoch 1 step 7270 loss 0.0275
[2026-06-01 08:40:00] epoch 1 step 7280 loss 0.0298
[2026-06-01 08:40:03] epoch 1 step 7290 loss 0.0367
[2026-06-01 08:40:06] epoch 1 step 7300 loss 0.0246
[2026-06-01 08:40:08] epoch 1 step 7310 loss 0.0253
[2026-06-01 08:40:11] epoch 1 step 7320 loss 0.0230
[2026-06-01 08:40:14] epoch 1 step 7330 loss 0.0305
[2026-06-01 08:40:17] epoch 1 step 7340 loss 0.0374
[2026-06-01 08:40:20] epoch 1 step 7350 loss 0.0265
[2026-06-01 08:40:23] epoch 1 step 7360 loss 0.0335
[2026-06-01 08:40:26] epoch 1 step 7370 loss 0.0235
[2026-06-01 08:40:29] epoch 1 step 7380 loss 0.0282
[2026-06-01 08:40:32] epoch 1 step 7390 loss 0.0246
[2026-06-01 08:40:35] epoch 1 step 7400 loss 0.0215
[2026-06-01 08:40:38] epoch 1 step 7410 loss 0.0232
[2026-06-01 08:40:41] epoch 1 step 7420 loss 0.0271
[2026-06-01 08:40:43] epoch 1 step 7430 loss 0.0235
[2026-06-01 08:40:46] epoch 1 step 7440 loss 0.0199
[2026-06-01 08:40:49] epoch 1 step 7450 loss 0.0272
[2026-06-01 08:40:52] epoch 1 step 7460 loss 0.0263
[2026-06-01 08:40:55] epoch 1 step 7470 loss 0.0251
[2026-06-01 08:40:58] epoch 1 step 7480 loss 0.0302
[2026-06-01 08:41:01] epoch 1 step 7490 loss 0.0356
[2026-06-01 08:41:04] epoch 1 step 7500 loss 0.0326
[2026-06-01 08:41:07] epoch 1 step 7510 loss 0.0247
[2026-06-01 08:41:09] epoch 1 step 7520 loss 0.0155
[2026-06-01 08:41:12] epoch 1 step 7530 loss 0.0230
[2026-06-01 08:41:15] epoch 1 step 7540 loss 0.0280
[2026-06-01 08:41:18] epoch 1 step 7550 loss 0.0274
[2026-06-01 08:41:21] epoch 1 step 7560 loss 0.0331
[2026-06-01 08:41:24] epoch 1 step 7570 loss 0.0205
[2026-06-01 08:41:27] epoch 1 step 7580 loss 0.0179
[2026-06-01 08:41:30] epoch 1 step 7590 loss 0.0264
[2026-06-01 08:41:33] epoch 1 step 7600 loss 0.0326
[2026-06-01 08:41:35] epoch 1 step 7610 loss 0.0301
[2026-06-01 08:41:38] epoch 1 step 7620 loss 0.0242
[2026-06-01 08:41:41] epoch 1 step 7630 loss 0.0203
[2026-06-01 08:41:44] epoch 1 step 7640 loss 0.0264
[2026-06-01 08:41:47] epoch 1 step 7650 loss 0.0331
[2026-06-01 08:41:50] epoch 1 step 7660 loss 0.0205
[2026-06-01 08:41:53] epoch 1 step 7670 loss 0.0243
[2026-06-01 08:41:56] epoch 1 step 7680 loss 0.0198
[2026-06-01 08:41:59] epoch 1 step 7690 loss 0.0267
[2026-06-01 08:42:02] epoch 1 step 7700 loss 0.0323
[2026-06-01 08:42:04] epoch 1 step 7710 loss 0.0314
[2026-06-01 08:42:07] epoch 1 step 7720 loss 0.0342
[2026-06-01 08:42:10] epoch 1 step 7730 loss 0.0288
[2026-06-01 08:42:13] epoch 1 step 7740 loss 0.0231
[2026-06-01 08:42:16] epoch 1 step 7750 loss 0.0301
[2026-06-01 08:42:19] epoch 1 step 7760 loss 0.0222
[2026-06-01 08:42:22] epoch 1 step 7770 loss 0.0294
[2026-06-01 08:42:25] epoch 1 step 7780 loss 0.0276
[2026-06-01 08:42:28] epoch 1 step 7790 loss 0.0319
[2026-06-01 08:42:30] epoch 1 step 7800 loss 0.0222
[2026-06-01 08:42:33] epoch 1 step 7810 loss 0.0210
[2026-06-01 08:42:36] epoch 1 step 7820 loss 0.0312
[2026-06-01 08:42:39] epoch 1 step 7830 loss 0.0334
[2026-06-01 08:42:42] epoch 1 step 7840 loss 0.0268
[2026-06-01 08:42:45] epoch 1 step 7850 loss 0.0239
[2026-06-01 08:42:48] epoch 1 step 7860 loss 0.0266
[2026-06-01 08:42:51] epoch 1 step 7870 loss 0.0309
[2026-06-01 08:42:54] epoch 1 step 7880 loss 0.0225
[2026-06-01 08:42:57] epoch 1 step 7890 loss 0.0223
[2026-06-01 08:43:00] epoch 1 step 7900 loss 0.0269
[2026-06-01 08:43:02] epoch 1 step 7910 loss 0.0239
[2026-06-01 08:43:05] epoch 1 step 7920 loss 0.0329
[2026-06-01 08:43:08] epoch 1 step 7930 loss 0.0280
[2026-06-01 08:43:11] epoch 1 step 7940 loss 0.0198
[2026-06-01 08:43:14] epoch 1 step 7950 loss 0.0270
[2026-06-01 08:43:17] epoch 1 step 7960 loss 0.0273
[2026-06-01 08:43:20] epoch 1 step 7970 loss 0.0248
[2026-06-01 08:43:23] epoch 1 step 7980 loss 0.0280
[2026-06-01 08:43:26] epoch 1 step 7990 loss 0.0328
[2026-06-01 08:43:29] epoch 1 step 8000 loss 0.0295
[2026-06-01 08:43:31] epoch 1 step 8010 loss 0.0213
[2026-06-01 08:43:34] epoch 1 step 8020 loss 0.0266
[2026-06-01 08:43:37] epoch 1 step 8030 loss 0.0377
[2026-06-01 08:43:40] epoch 1 step 8040 loss 0.0249
[2026-06-01 08:43:43] epoch 1 step 8050 loss 0.0214
[2026-06-01 08:43:46] epoch 1 step 8060 loss 0.0256
[2026-06-01 08:43:49] epoch 1 step 8070 loss 0.0190
[2026-06-01 08:43:52] epoch 1 step 8080 loss 0.0291
[2026-06-01 08:43:55] epoch 1 step 8090 loss 0.0225
[2026-06-01 08:43:58] epoch 1 step 8100 loss 0.0271
[2026-06-01 08:44:00] epoch 1 step 8110 loss 0.0287
[2026-06-01 08:44:03] epoch 1 step 8120 loss 0.0289
[2026-06-01 08:44:06] epoch 1 step 8130 loss 0.0252
[2026-06-01 08:44:09] epoch 1 step 8140 loss 0.0233
[2026-06-01 08:44:12] epoch 1 step 8150 loss 0.0269
[2026-06-01 08:44:15] epoch 1 step 8160 loss 0.0332
[2026-06-01 08:44:18] epoch 1 step 8170 loss 0.0222
[2026-06-01 08:44:21] epoch 1 step 8180 loss 0.0334
[2026-06-01 08:44:24] epoch 1 step 8190 loss 0.0240
[2026-06-01 08:44:26] epoch 1 step 8200 loss 0.0290
[2026-06-01 08:44:29] epoch 1 step 8210 loss 0.0258
[2026-06-01 08:44:32] epoch 1 step 8220 loss 0.0297
[2026-06-01 08:44:35] epoch 1 step 8230 loss 0.0249
[2026-06-01 08:44:38] epoch 1 step 8240 loss 0.0253
[INFO] Updated latest_step.pt (time-based)
[2026-06-01 08:44:45] epoch 1 step 8250 loss 0.0265
[2026-06-01 08:44:48] epoch 1 step 8260 loss 0.0204
[2026-06-01 08:44:51] epoch 1 step 8270 loss 0.0258
[2026-06-01 08:44:54] epoch 1 step 8280 loss 0.0303
[2026-06-01 08:44:57] epoch 1 step 8290 loss 0.0328
[2026-06-01 08:45:00] epoch 1 step 8300 loss 0.0235
[2026-06-01 08:45:03] epoch 1 step 8310 loss 0.0318
[2026-06-01 08:45:06] epoch 1 step 8320 loss 0.0292
[2026-06-01 08:45:08] epoch 1 step 8330 loss 0.0210
[2026-06-01 08:45:11] epoch 1 step 8340 loss 0.0337
[2026-06-01 08:45:14] epoch 1 step 8350 loss 0.0163
[2026-06-01 08:45:17] epoch 1 step 8360 loss 0.0261
[2026-06-01 08:45:20] epoch 1 step 8370 loss 0.0275
[2026-06-01 08:45:23] epoch 1 step 8380 loss 0.0274
[2026-06-01 08:45:26] epoch 1 step 8390 loss 0.0239
[2026-06-01 08:45:29] epoch 1 step 8400 loss 0.0293
[2026-06-01 08:45:32] epoch 1 step 8410 loss 0.0281
[2026-06-01 08:45:34] epoch 1 step 8420 loss 0.0284
[2026-06-01 08:45:37] epoch 1 step 8430 loss 0.0362
[2026-06-01 08:45:40] epoch 1 step 8440 loss 0.0260
[2026-06-01 08:45:43] epoch 1 step 8450 loss 0.0225
[2026-06-01 08:45:46] epoch 1 step 8460 loss 0.0319
[2026-06-01 08:45:49] epoch 1 step 8470 loss 0.0279
[2026-06-01 08:45:52] epoch 1 step 8480 loss 0.0256
[2026-06-01 08:45:55] epoch 1 step 8490 loss 0.0227
[2026-06-01 08:45:58] epoch 1 step 8500 loss 0.0238
[2026-06-01 08:46:00] epoch 1 step 8510 loss 0.0297
[2026-06-01 08:46:03] epoch 1 step 8520 loss 0.0262
[2026-06-01 08:46:06] epoch 1 step 8530 loss 0.0222
[2026-06-01 08:46:09] epoch 1 step 8540 loss 0.0273
[2026-06-01 08:46:12] epoch 1 step 8550 loss 0.0272
[2026-06-01 08:46:15] epoch 1 step 8560 loss 0.0236
[2026-06-01 08:46:18] epoch 1 step 8570 loss 0.0157
[2026-06-01 08:46:21] epoch 1 step 8580 loss 0.0324
[2026-06-01 08:46:24] epoch 1 step 8590 loss 0.0288
[2026-06-01 08:46:27] epoch 1 step 8600 loss 0.0233
[2026-06-01 08:46:30] epoch 1 step 8610 loss 0.0302
[2026-06-01 08:46:32] epoch 1 step 8620 loss 0.0245
[2026-06-01 08:46:35] epoch 1 step 8630 loss 0.0231
[2026-06-01 08:46:38] epoch 1 step 8640 loss 0.0271
[2026-06-01 08:46:41] epoch 1 step 8650 loss 0.0369
[2026-06-01 08:46:44] epoch 1 step 8660 loss 0.0346
[2026-06-01 08:46:47] epoch 1 step 8670 loss 0.0270
[2026-06-01 08:46:50] epoch 1 step 8680 loss 0.0289
[2026-06-01 08:46:53] epoch 1 step 8690 loss 0.0226
[2026-06-01 08:46:56] epoch 1 step 8700 loss 0.0291
[2026-06-01 08:46:59] epoch 1 step 8710 loss 0.0252
[2026-06-01 08:47:01] epoch 1 step 8720 loss 0.0327
[2026-06-01 08:47:04] epoch 1 step 8730 loss 0.0337
[2026-06-01 08:47:07] epoch 1 step 8740 loss 0.0259
[2026-06-01 08:47:10] epoch 1 step 8750 loss 0.0184
[2026-06-01 08:47:13] epoch 1 step 8760 loss 0.0320
[2026-06-01 08:47:16] epoch 1 step 8770 loss 0.0223
[2026-06-01 08:47:19] epoch 1 step 8780 loss 0.0226
[2026-06-01 08:47:22] epoch 1 step 8790 loss 0.0315
[2026-06-01 08:47:25] epoch 1 step 8800 loss 0.0305
[2026-06-01 08:47:28] epoch 1 step 8810 loss 0.0206
[2026-06-01 08:47:30] epoch 1 step 8820 loss 0.0260
[2026-06-01 08:47:33] epoch 1 step 8830 loss 0.0277
[2026-06-01 08:47:36] epoch 1 step 8840 loss 0.0243
[2026-06-01 08:47:39] epoch 1 step 8850 loss 0.0335
[2026-06-01 08:47:42] epoch 1 step 8860 loss 0.0265
[2026-06-01 08:47:45] epoch 1 step 8870 loss 0.0261
[2026-06-01 08:47:48] epoch 1 step 8880 loss 0.0279
[2026-06-01 08:47:51] epoch 1 step 8890 loss 0.0284
[2026-06-01 08:47:54] epoch 1 step 8900 loss 0.0229
[2026-06-01 08:47:57] epoch 1 step 8910 loss 0.0229
[2026-06-01 08:47:59] epoch 1 step 8920 loss 0.0283
[2026-06-01 08:48:02] epoch 1 step 8930 loss 0.0163
[2026-06-01 08:48:05] epoch 1 step 8940 loss 0.0326
[2026-06-01 08:48:08] epoch 1 step 8950 loss 0.0231
[2026-06-01 08:48:11] epoch 1 step 8960 loss 0.0239
[2026-06-01 08:48:14] epoch 1 step 8970 loss 0.0231
[2026-06-01 08:48:17] epoch 1 step 8980 loss 0.0249
[2026-06-01 08:48:20] epoch 1 step 8990 loss 0.0279
[2026-06-01 08:48:23] epoch 1 step 9000 loss 0.0163
[2026-06-01 08:48:25] epoch 1 step 9010 loss 0.0247
[2026-06-01 08:48:28] epoch 1 step 9020 loss 0.0204
[2026-06-01 08:48:31] epoch 1 step 9030 loss 0.0298
[2026-06-01 08:48:34] epoch 1 step 9040 loss 0.0316
[2026-06-01 08:48:37] epoch 1 step 9050 loss 0.0247
[2026-06-01 08:48:40] epoch 1 step 9060 loss 0.0267
[2026-06-01 08:48:43] epoch 1 step 9070 loss 0.0219
[2026-06-01 08:48:46] epoch 1 step 9080 loss 0.0301
[2026-06-01 08:48:49] epoch 1 step 9090 loss 0.0276
[2026-06-01 08:48:51] epoch 1 step 9100 loss 0.0373
[2026-06-01 08:48:54] epoch 1 step 9110 loss 0.0246
[2026-06-01 08:48:57] epoch 1 step 9120 loss 0.0327
[2026-06-01 08:49:00] epoch 1 step 9130 loss 0.0290
[2026-06-01 08:49:03] epoch 1 step 9140 loss 0.0284
[2026-06-01 08:49:06] epoch 1 step 9150 loss 0.0201
[2026-06-01 08:49:09] epoch 1 step 9160 loss 0.0296
[2026-06-01 08:49:12] epoch 1 step 9170 loss 0.0185
[2026-06-01 08:49:15] epoch 1 step 9180 loss 0.0266
[2026-06-01 08:49:17] epoch 1 step 9190 loss 0.0326
[2026-06-01 08:49:20] epoch 1 step 9200 loss 0.0261
[2026-06-01 08:49:23] epoch 1 step 9210 loss 0.0266
[2026-06-01 08:49:26] epoch 1 step 9220 loss 0.0272
[2026-06-01 08:49:29] epoch 1 step 9230 loss 0.0235
[2026-06-01 08:49:32] epoch 1 step 9240 loss 0.0214
[2026-06-01 08:49:35] epoch 1 step 9250 loss 0.0248
[2026-06-01 08:49:38] epoch 1 step 9260 loss 0.0370
[2026-06-01 08:49:41] epoch 1 step 9270 loss 0.0239
[2026-06-01 08:49:44] epoch 1 step 9280 loss 0.0274
[2026-06-01 08:49:46] epoch 1 step 9290 loss 0.0302
[2026-06-01 08:49:49] epoch 1 step 9300 loss 0.0273
[2026-06-01 08:49:52] epoch 1 step 9310 loss 0.0313
[2026-06-01 08:49:55] epoch 1 step 9320 loss 0.0290
[2026-06-01 08:49:58] epoch 1 step 9330 loss 0.0311
[2026-06-01 08:50:01] epoch 1 step 9340 loss 0.0177
[2026-06-01 08:50:04] epoch 1 step 9350 loss 0.0250
[2026-06-01 08:50:07] epoch 1 step 9360 loss 0.0230
[2026-06-01 08:50:10] epoch 1 step 9370 loss 0.0235
[2026-06-01 08:50:13] epoch 1 step 9380 loss 0.0243
[2026-06-01 08:50:16] epoch 1 step 9390 loss 0.0296
[2026-06-01 08:50:18] epoch 1 step 9400 loss 0.0247
[2026-06-01 08:50:21] epoch 1 step 9410 loss 0.0233
[2026-06-01 08:50:24] epoch 1 step 9420 loss 0.0163
[2026-06-01 08:50:27] epoch 1 step 9430 loss 0.0326
[2026-06-01 08:50:30] epoch 1 step 9440 loss 0.0317
[2026-06-01 08:50:33] epoch 1 step 9450 loss 0.0257
[2026-06-01 08:50:36] epoch 1 step 9460 loss 0.0258
[2026-06-01 08:50:39] epoch 1 step 9470 loss 0.0175
[2026-06-01 08:50:42] epoch 1 step 9480 loss 0.0315
[2026-06-01 08:50:45] epoch 1 step 9490 loss 0.0228
[2026-06-01 08:50:47] epoch 1 step 9500 loss 0.0284
[2026-06-01 08:50:50] epoch 1 step 9510 loss 0.0265
[2026-06-01 08:50:53] epoch 1 step 9520 loss 0.0173
[2026-06-01 08:50:56] epoch 1 step 9530 loss 0.0277
[2026-06-01 08:50:59] epoch 1 step 9540 loss 0.0272
[2026-06-01 08:51:02] epoch 1 step 9550 loss 0.0203
[2026-06-01 08:51:05] epoch 1 step 9560 loss 0.0268
[2026-06-01 08:51:08] epoch 1 step 9570 loss 0.0308
[2026-06-01 08:51:11] epoch 1 step 9580 loss 0.0332
[2026-06-01 08:51:14] epoch 1 step 9590 loss 0.0232
[2026-06-01 08:51:16] epoch 1 step 9600 loss 0.0294
[2026-06-01 08:51:19] epoch 1 step 9610 loss 0.0284
[2026-06-01 08:51:22] epoch 1 step 9620 loss 0.0323
[2026-06-01 08:51:25] epoch 1 step 9630 loss 0.0280
[2026-06-01 08:51:28] epoch 1 step 9640 loss 0.0233
[2026-06-01 08:51:31] epoch 1 step 9650 loss 0.0275
[2026-06-01 08:51:34] epoch 1 step 9660 loss 0.0197
[2026-06-01 08:51:37] epoch 1 step 9670 loss 0.0295
[2026-06-01 08:51:40] epoch 1 step 9680 loss 0.0284
[2026-06-01 08:51:42] epoch 1 step 9690 loss 0.0322
[2026-06-01 08:51:45] epoch 1 step 9700 loss 0.0250
[2026-06-01 08:51:48] epoch 1 step 9710 loss 0.0205
[2026-06-01 08:51:51] epoch 1 step 9720 loss 0.0340
[2026-06-01 08:51:54] epoch 1 step 9730 loss 0.0280
[2026-06-01 08:51:57] epoch 1 step 9740 loss 0.0228
[2026-06-01 08:52:00] epoch 1 step 9750 loss 0.0327
[2026-06-01 08:52:03] epoch 1 step 9760 loss 0.0213
[2026-06-01 08:52:06] epoch 1 step 9770 loss 0.0184
[2026-06-01 08:52:09] epoch 1 step 9780 loss 0.0219
[2026-06-01 08:52:11] epoch 1 step 9790 loss 0.0237
[2026-06-01 08:52:14] epoch 1 step 9800 loss 0.0297
[2026-06-01 08:52:17] epoch 1 step 9810 loss 0.0300
[2026-06-01 08:52:20] epoch 1 step 9820 loss 0.0279
[2026-06-01 08:52:23] epoch 1 step 9830 loss 0.0271
[2026-06-01 08:52:26] epoch 1 step 9840 loss 0.0290
[2026-06-01 08:52:29] epoch 1 step 9850 loss 0.0280
[2026-06-01 08:52:32] epoch 1 step 9860 loss 0.0312
[2026-06-01 08:52:35] epoch 1 step 9870 loss 0.0301
[2026-06-01 08:52:37] epoch 1 step 9880 loss 0.0178
[2026-06-01 08:52:40] epoch 1 step 9890 loss 0.0303
[2026-06-01 08:52:43] epoch 1 step 9900 loss 0.0225
[2026-06-01 08:52:46] epoch 1 step 9910 loss 0.0267
[2026-06-01 08:52:49] epoch 1 step 9920 loss 0.0250
[2026-06-01 08:52:52] epoch 1 step 9930 loss 0.0277
[2026-06-01 08:52:55] epoch 1 step 9940 loss 0.0222
[2026-06-01 08:52:58] epoch 1 step 9950 loss 0.0242
[2026-06-01 08:53:01] epoch 1 step 9960 loss 0.0324
[2026-06-01 08:53:03] epoch 1 step 9970 loss 0.0270
[2026-06-01 08:53:06] epoch 1 step 9980 loss 0.0338
[2026-06-01 08:53:09] epoch 1 step 9990 loss 0.0299
[2026-06-01 08:53:12] epoch 1 step 10000 loss 0.0191
[INFO] Saved step checkpoint: checkpoints/ft_step_checkpoint_v0.00based_e1_s10000.pt
[2026-06-01 08:53:16] epoch 1 step 10010 loss 0.0256
[2026-06-01 08:53:19] epoch 1 step 10020 loss 0.0261
[2026-06-01 08:53:22] epoch 1 step 10030 loss 0.0262
[2026-06-01 08:53:25] epoch 1 step 10040 loss 0.0230
[2026-06-01 08:53:28] epoch 1 step 10050 loss 0.0288
[2026-06-01 08:53:31] epoch 1 step 10060 loss 0.0246
[2026-06-01 08:53:34] epoch 1 step 10070 loss 0.0248
[2026-06-01 08:53:37] epoch 1 step 10080 loss 0.0258
[2026-06-01 08:53:39] epoch 1 step 10090 loss 0.0287
[2026-06-01 08:53:42] epoch 1 step 10100 loss 0.0220
[2026-06-01 08:53:45] epoch 1 step 10110 loss 0.0236
[2026-06-01 08:53:48] epoch 1 step 10120 loss 0.0315
[2026-06-01 08:53:51] epoch 1 step 10130 loss 0.0273
[2026-06-01 08:53:54] epoch 1 step 10140 loss 0.0346
[2026-06-01 08:53:57] epoch 1 step 10150 loss 0.0295
[2026-06-01 08:54:00] epoch 1 step 10160 loss 0.0259
[2026-06-01 08:54:03] epoch 1 step 10170 loss 0.0318
[2026-06-01 08:54:05] epoch 1 step 10180 loss 0.0314
[2026-06-01 08:54:08] epoch 1 step 10190 loss 0.0329
[2026-06-01 08:54:11] epoch 1 step 10200 loss 0.0252
[2026-06-01 08:54:14] epoch 1 step 10210 loss 0.0248
[2026-06-01 08:54:17] epoch 1 step 10220 loss 0.0223
[2026-06-01 08:54:20] epoch 1 step 10230 loss 0.0225
[2026-06-01 08:54:23] epoch 1 step 10240 loss 0.0335
[2026-06-01 08:54:26] epoch 1 step 10250 loss 0.0170
[2026-06-01 08:54:29] epoch 1 step 10260 loss 0.0175
[2026-06-01 08:54:32] epoch 1 step 10270 loss 0.0218
[2026-06-01 08:54:34] epoch 1 step 10280 loss 0.0288
[2026-06-01 08:54:37] epoch 1 step 10290 loss 0.0289
[2026-06-01 08:54:40] epoch 1 step 10300 loss 0.0251
[INFO] Updated latest_step.pt (time-based)
[2026-06-01 08:54:47] epoch 1 step 10310 loss 0.0294
[2026-06-01 08:54:50] epoch 1 step 10320 loss 0.0271
[2026-06-01 08:54:53] epoch 1 step 10330 loss 0.0239
[2026-06-01 08:54:56] epoch 1 step 10340 loss 0.0298
[2026-06-01 08:54:59] epoch 1 step 10350 loss 0.0282
[2026-06-01 08:55:02] epoch 1 step 10360 loss 0.0307
[2026-06-01 08:55:05] epoch 1 step 10370 loss 0.0227
[2026-06-01 08:55:08] epoch 1 step 10380 loss 0.0187
[2026-06-01 08:55:11] epoch 1 step 10390 loss 0.0305
[2026-06-01 08:55:13] epoch 1 step 10400 loss 0.0234
[2026-06-01 08:55:16] epoch 1 step 10410 loss 0.0196
[2026-06-01 08:55:19] epoch 1 step 10420 loss 0.0234
[2026-06-01 08:55:22] epoch 1 step 10430 loss 0.0208
[2026-06-01 08:55:25] epoch 1 step 10440 loss 0.0257
[2026-06-01 08:55:28] epoch 1 step 10450 loss 0.0284
[2026-06-01 08:55:31] epoch 1 step 10460 loss 0.0190
[2026-06-01 08:55:34] epoch 1 step 10470 loss 0.0215
[2026-06-01 08:55:37] epoch 1 step 10480 loss 0.0227
[2026-06-01 08:55:39] epoch 1 step 10490 loss 0.0237
[2026-06-01 08:55:42] epoch 1 step 10500 loss 0.0253
[2026-06-01 08:55:45] epoch 1 step 10510 loss 0.0239
[2026-06-01 08:55:48] epoch 1 step 10520 loss 0.0221
[2026-06-01 08:55:51] epoch 1 step 10530 loss 0.0261
[2026-06-01 08:55:54] epoch 1 step 10540 loss 0.0227
[2026-06-01 08:55:57] epoch 1 step 10550 loss 0.0218
[2026-06-01 08:56:00] epoch 1 step 10560 loss 0.0240
[2026-06-01 08:56:03] epoch 1 step 10570 loss 0.0208
[2026-06-01 08:56:06] epoch 1 step 10580 loss 0.0246
[2026-06-01 08:56:09] epoch 1 step 10590 loss 0.0287
[2026-06-01 08:56:11] epoch 1 step 10600 loss 0.0257
[2026-06-01 08:56:14] epoch 1 step 10610 loss 0.0293
[2026-06-01 08:56:17] epoch 1 step 10620 loss 0.0281
[2026-06-01 08:56:20] epoch 1 step 10630 loss 0.0244
[2026-06-01 08:56:23] epoch 1 step 10640 loss 0.0226
[2026-06-01 08:56:26] epoch 1 step 10650 loss 0.0318
[2026-06-01 08:56:29] epoch 1 step 10660 loss 0.0235
[2026-06-01 08:56:32] epoch 1 step 10670 loss 0.0320
[2026-06-01 08:56:35] epoch 1 step 10680 loss 0.0227
[2026-06-01 08:56:37] epoch 1 step 10690 loss 0.0205
[2026-06-01 08:56:40] epoch 1 step 10700 loss 0.0259
[2026-06-01 08:56:43] epoch 1 step 10710 loss 0.0208
[2026-06-01 08:56:46] epoch 1 step 10720 loss 0.0250
[2026-06-01 08:56:49] epoch 1 step 10730 loss 0.0267
[2026-06-01 08:56:52] epoch 1 step 10740 loss 0.0281
[2026-06-01 08:56:55] epoch 1 step 10750 loss 0.0299
[2026-06-01 08:56:58] epoch 1 step 10760 loss 0.0259
[2026-06-01 08:57:01] epoch 1 step 10770 loss 0.0255
[2026-06-01 08:57:03] epoch 1 step 10780 loss 0.0309
[2026-06-01 08:57:06] epoch 1 step 10790 loss 0.0292
[2026-06-01 08:57:09] epoch 1 step 10800 loss 0.0336
[2026-06-01 08:57:12] epoch 1 step 10810 loss 0.0289
[2026-06-01 08:57:15] epoch 1 step 10820 loss 0.0236
[2026-06-01 08:57:18] epoch 1 step 10830 loss 0.0253
[2026-06-01 08:57:21] epoch 1 step 10840 loss 0.0367
[2026-06-01 08:57:24] epoch 1 step 10850 loss 0.0227
[2026-06-01 08:57:27] epoch 1 step 10860 loss 0.0276
[2026-06-01 08:57:30] epoch 1 step 10870 loss 0.0304
[2026-06-01 08:57:33] epoch 1 step 10880 loss 0.0226
[2026-06-01 08:57:35] epoch 1 step 10890 loss 0.0254
[2026-06-01 08:57:38] epoch 1 step 10900 loss 0.0243
[2026-06-01 08:57:41] epoch 1 step 10910 loss 0.0256
[2026-06-01 08:57:44] epoch 1 step 10920 loss 0.0201
[2026-06-01 08:57:47] epoch 1 step 10930 loss 0.0301
[2026-06-01 08:57:50] epoch 1 step 10940 loss 0.0214
[2026-06-01 08:57:53] epoch 1 step 10950 loss 0.0184
[2026-06-01 08:57:56] epoch 1 step 10960 loss 0.0237
[2026-06-01 08:57:58] epoch 1 step 10970 loss 0.0234
[2026-06-01 08:58:01] epoch 1 step 10980 loss 0.0245
[2026-06-01 08:58:04] epoch 1 step 10990 loss 0.0222
[2026-06-01 08:58:07] epoch 1 step 11000 loss 0.0230
[2026-06-01 08:58:10] epoch 1 step 11010 loss 0.0223
[2026-06-01 08:58:13] epoch 1 step 11020 loss 0.0265
[2026-06-01 08:58:16] epoch 1 step 11030 loss 0.0207
[2026-06-01 08:58:19] epoch 1 step 11040 loss 0.0188
[2026-06-01 08:58:22] epoch 1 step 11050 loss 0.0251
[2026-06-01 08:58:24] epoch 1 step 11060 loss 0.0281
[2026-06-01 08:58:27] epoch 1 step 11070 loss 0.0279
[2026-06-01 08:58:30] epoch 1 step 11080 loss 0.0180
[2026-06-01 08:58:33] epoch 1 step 11090 loss 0.0268
[2026-06-01 08:58:36] epoch 1 step 11100 loss 0.0208
[2026-06-01 08:58:39] epoch 1 step 11110 loss 0.0294
[2026-06-01 08:58:42] epoch 1 step 11120 loss 0.0275
[2026-06-01 08:58:45] epoch 1 step 11130 loss 0.0261
[2026-06-01 08:58:48] epoch 1 step 11140 loss 0.0295
[2026-06-01 08:58:50] epoch 1 step 11150 loss 0.0245
[2026-06-01 08:58:53] epoch 1 step 11160 loss 0.0262
[2026-06-01 08:58:56] epoch 1 step 11170 loss 0.0260
[2026-06-01 08:58:59] epoch 1 step 11180 loss 0.0208
[2026-06-01 08:59:02] epoch 1 step 11190 loss 0.0168
[2026-06-01 08:59:05] epoch 1 step 11200 loss 0.0275
[2026-06-01 08:59:08] epoch 1 step 11210 loss 0.0269
[2026-06-01 08:59:11] epoch 1 step 11220 loss 0.0248
[2026-06-01 08:59:14] epoch 1 step 11230 loss 0.0252
[2026-06-01 08:59:16] epoch 1 step 11240 loss 0.0297
[2026-06-01 08:59:19] epoch 1 step 11250 loss 0.0265
[2026-06-01 08:59:22] epoch 1 step 11260 loss 0.0226
[2026-06-01 08:59:25] epoch 1 step 11270 loss 0.0267
[2026-06-01 08:59:28] epoch 1 step 11280 loss 0.0227
[2026-06-01 08:59:31] epoch 1 step 11290 loss 0.0277
[2026-06-01 08:59:34] epoch 1 step 11300 loss 0.0268
[2026-06-01 08:59:37] epoch 1 step 11310 loss 0.0257
[2026-06-01 08:59:39] epoch 1 step 11320 loss 0.0228
[2026-06-01 08:59:42] epoch 1 step 11330 loss 0.0233
[2026-06-01 08:59:45] epoch 1 step 11340 loss 0.0243
[2026-06-01 08:59:48] epoch 1 step 11350 loss 0.0281
[2026-06-01 08:59:51] epoch 1 step 11360 loss 0.0211
[2026-06-01 08:59:54] epoch 1 step 11370 loss 0.0254
[2026-06-01 08:59:57] epoch 1 step 11380 loss 0.0217
[2026-06-01 09:00:00] epoch 1 step 11390 loss 0.0276
[2026-06-01 09:00:03] epoch 1 step 11400 loss 0.0317
[2026-06-01 09:00:06] epoch 1 step 11410 loss 0.0233
[2026-06-01 09:00:08] epoch 1 step 11420 loss 0.0200
[2026-06-01 09:00:11] epoch 1 step 11430 loss 0.0199
[2026-06-01 09:00:14] epoch 1 step 11440 loss 0.0227
[2026-06-01 09:00:17] epoch 1 step 11450 loss 0.0272
[2026-06-01 09:00:20] epoch 1 step 11460 loss 0.0266
[2026-06-01 09:00:23] epoch 1 step 11470 loss 0.0277
[2026-06-01 09:00:26] epoch 1 step 11480 loss 0.0321
[2026-06-01 09:00:29] epoch 1 step 11490 loss 0.0196
[2026-06-01 09:00:31] epoch 1 step 11500 loss 0.0239
[2026-06-01 09:00:34] epoch 1 step 11510 loss 0.0202
[2026-06-01 09:00:37] epoch 1 step 11520 loss 0.0269
[2026-06-01 09:00:40] epoch 1 step 11530 loss 0.0255
[2026-06-01 09:00:43] epoch 1 step 11540 loss 0.0256
[2026-06-01 09:00:46] epoch 1 step 11550 loss 0.0158
[2026-06-01 09:00:49] epoch 1 step 11560 loss 0.0261
[2026-06-01 09:00:52] epoch 1 step 11570 loss 0.0208
[2026-06-01 09:00:55] epoch 1 step 11580 loss 0.0207
[2026-06-01 09:00:58] epoch 1 step 11590 loss 0.0223
[2026-06-01 09:01:00] epoch 1 step 11600 loss 0.0195
[2026-06-01 09:01:03] epoch 1 step 11610 loss 0.0266
[2026-06-01 09:01:06] epoch 1 step 11620 loss 0.0150
[2026-06-01 09:01:09] epoch 1 step 11630 loss 0.0245
[2026-06-01 09:01:12] epoch 1 step 11640 loss 0.0320
[2026-06-01 09:01:15] epoch 1 step 11650 loss 0.0242
[2026-06-01 09:01:18] epoch 1 step 11660 loss 0.0230
[2026-06-01 09:01:21] epoch 1 step 11670 loss 0.0183
[2026-06-01 09:01:24] epoch 1 step 11680 loss 0.0209
[2026-06-01 09:01:26] epoch 1 step 11690 loss 0.0181
[2026-06-01 09:01:29] epoch 1 step 11700 loss 0.0306
[2026-06-01 09:01:32] epoch 1 step 11710 loss 0.0174
[2026-06-01 09:01:35] epoch 1 step 11720 loss 0.0188
[2026-06-01 09:01:38] epoch 1 step 11730 loss 0.0284
[2026-06-01 09:01:41] epoch 1 step 11740 loss 0.0282
[2026-06-01 09:01:44] epoch 1 step 11750 loss 0.0313
[2026-06-01 09:01:47] epoch 1 step 11760 loss 0.0302
[2026-06-01 09:01:50] epoch 1 step 11770 loss 0.0235
[2026-06-01 09:01:52] epoch 1 step 11780 loss 0.0213
[2026-06-01 09:01:55] epoch 1 step 11790 loss 0.0322
[2026-06-01 09:01:58] epoch 1 step 11800 loss 0.0320
[2026-06-01 09:02:01] epoch 1 step 11810 loss 0.0271
[2026-06-01 09:02:04] epoch 1 step 11820 loss 0.0282
[2026-06-01 09:02:07] epoch 1 step 11830 loss 0.0272
[2026-06-01 09:02:10] epoch 1 step 11840 loss 0.0268
[2026-06-01 09:02:13] epoch 1 step 11850 loss 0.0237
[2026-06-01 09:02:16] epoch 1 step 11860 loss 0.0262
[2026-06-01 09:02:18] epoch 1 step 11870 loss 0.0210
[2026-06-01 09:02:21] epoch 1 step 11880 loss 0.0183
[2026-06-01 09:02:24] epoch 1 step 11890 loss 0.0247
[2026-06-01 09:02:27] epoch 1 step 11900 loss 0.0301
[2026-06-01 09:02:30] epoch 1 step 11910 loss 0.0260
[2026-06-01 09:02:33] epoch 1 step 11920 loss 0.0276
[2026-06-01 09:02:36] epoch 1 step 11930 loss 0.0294
[2026-06-01 09:02:39] epoch 1 step 11940 loss 0.0267
[2026-06-01 09:02:42] epoch 1 step 11950 loss 0.0261
[2026-06-01 09:02:45] epoch 1 step 11960 loss 0.0156
[2026-06-01 09:02:47] epoch 1 step 11970 loss 0.0301
[2026-06-01 09:02:50] epoch 1 step 11980 loss 0.0304
[2026-06-01 09:02:53] epoch 1 step 11990 loss 0.0248
[2026-06-01 09:02:56] epoch 1 step 12000 loss 0.0274
[2026-06-01 09:02:59] epoch 1 step 12010 loss 0.0280
[2026-06-01 09:03:02] epoch 1 step 12020 loss 0.0175
[2026-06-01 09:03:05] epoch 1 step 12030 loss 0.0186
[2026-06-01 09:03:08] epoch 1 step 12040 loss 0.0272
[2026-06-01 09:03:10] epoch 1 step 12050 loss 0.0252
[2026-06-01 09:03:13] epoch 1 step 12060 loss 0.0240
[2026-06-01 09:03:16] epoch 1 step 12070 loss 0.0137
[2026-06-01 09:03:19] epoch 1 step 12080 loss 0.0228
[2026-06-01 09:03:22] epoch 1 step 12090 loss 0.0250
[2026-06-01 09:03:25] epoch 1 step 12100 loss 0.0233
[2026-06-01 09:03:28] epoch 1 step 12110 loss 0.0292
[2026-06-01 09:03:31] epoch 1 step 12120 loss 0.0179
[2026-06-01 09:03:34] epoch 1 step 12130 loss 0.0271
[2026-06-01 09:03:36] epoch 1 step 12140 loss 0.0296
[2026-06-01 09:03:39] epoch 1 step 12150 loss 0.0244
[2026-06-01 09:03:42] epoch 1 step 12160 loss 0.0283
[2026-06-01 09:03:45] epoch 1 step 12170 loss 0.0170
[2026-06-01 09:03:48] epoch 1 step 12180 loss 0.0258
[2026-06-01 09:03:51] epoch 1 step 12190 loss 0.0236
[2026-06-01 09:03:54] epoch 1 step 12200 loss 0.0270
[2026-06-01 09:03:57] epoch 1 step 12210 loss 0.0246
[2026-06-01 09:04:00] epoch 1 step 12220 loss 0.0232
[2026-06-01 09:04:03] epoch 1 step 12230 loss 0.0278
[2026-06-01 09:04:05] epoch 1 step 12240 loss 0.0196
[2026-06-01 09:04:08] epoch 1 step 12250 loss 0.0245
[2026-06-01 09:04:11] epoch 1 step 12260 loss 0.0317
[2026-06-01 09:04:14] epoch 1 step 12270 loss 0.0265
[2026-06-01 09:04:17] epoch 1 step 12280 loss 0.0275
[2026-06-01 09:04:20] epoch 1 step 12290 loss 0.0217
[2026-06-01 09:04:23] epoch 1 step 12300 loss 0.0284
[2026-06-01 09:04:26] epoch 1 step 12310 loss 0.0244
[2026-06-01 09:04:29] epoch 1 step 12320 loss 0.0199
[2026-06-01 09:04:31] epoch 1 step 12330 loss 0.0257
[2026-06-01 09:04:34] epoch 1 step 12340 loss 0.0198
[2026-06-01 09:04:37] epoch 1 step 12350 loss 0.0248
[2026-06-01 09:04:40] epoch 1 step 12360 loss 0.0207
[INFO] Updated latest_step.pt (time-based)
[2026-06-01 09:04:47] epoch 1 step 12370 loss 0.0290
[2026-06-01 09:04:50] epoch 1 step 12380 loss 0.0224
[2026-06-01 09:04:53] epoch 1 step 12390 loss 0.0222
[2026-06-01 09:04:56] epoch 1 step 12400 loss 0.0232
[2026-06-01 09:04:59] epoch 1 step 12410 loss 0.0273
[2026-06-01 09:05:02] epoch 1 step 12420 loss 0.0279
[2026-06-01 09:05:05] epoch 1 step 12430 loss 0.0260
[2026-06-01 09:05:08] epoch 1 step 12440 loss 0.0248
[2026-06-01 09:05:10] epoch 1 step 12450 loss 0.0209
[2026-06-01 09:05:13] epoch 1 step 12460 loss 0.0245
[2026-06-01 09:05:16] epoch 1 step 12470 loss 0.0231
[2026-06-01 09:05:19] epoch 1 step 12480 loss 0.0287
[2026-06-01 09:05:22] epoch 1 step 12490 loss 0.0148
[2026-06-01 09:05:25] epoch 1 step 12500 loss 0.0237
[2026-06-01 09:05:28] epoch 1 step 12510 loss 0.0268
[2026-06-01 09:05:31] epoch 1 step 12520 loss 0.0258
[2026-06-01 09:05:34] epoch 1 step 12530 loss 0.0253
[2026-06-01 09:05:36] epoch 1 step 12540 loss 0.0273
[2026-06-01 09:05:39] epoch 1 step 12550 loss 0.0155
[2026-06-01 09:05:42] epoch 1 step 12560 loss 0.0268
[2026-06-01 09:05:45] epoch 1 step 12570 loss 0.0210
[2026-06-01 09:05:48] epoch 1 step 12580 loss 0.0196
[2026-06-01 09:05:51] epoch 1 step 12590 loss 0.0228
[2026-06-01 09:05:54] epoch 1 step 12600 loss 0.0097
[2026-06-01 09:05:57] epoch 1 step 12610 loss 0.0254
[2026-06-01 09:05:59] epoch 1 step 12620 loss 0.0222
[2026-06-01 09:06:02] epoch 1 step 12630 loss 0.0245
[2026-06-01 09:06:05] epoch 1 step 12640 loss 0.0242
[2026-06-01 09:06:08] epoch 1 step 12650 loss 0.0283
[2026-06-01 09:06:11] epoch 1 step 12660 loss 0.0261
[2026-06-01 09:06:14] epoch 1 step 12670 loss 0.0247
[2026-06-01 09:06:17] epoch 1 step 12680 loss 0.0326
[2026-06-01 09:06:20] epoch 1 step 12690 loss 0.0228
[2026-06-01 09:06:23] epoch 1 step 12700 loss 0.0219
[2026-06-01 09:06:25] epoch 1 step 12710 loss 0.0196
[2026-06-01 09:06:28] epoch 1 step 12720 loss 0.0192
[2026-06-01 09:06:31] epoch 1 step 12730 loss 0.0212
[2026-06-01 09:06:34] epoch 1 step 12740 loss 0.0307
[2026-06-01 09:06:37] epoch 1 step 12750 loss 0.0223
[2026-06-01 09:06:40] epoch 1 step 12760 loss 0.0223
[2026-06-01 09:06:43] epoch 1 step 12770 loss 0.0193
[2026-06-01 09:06:46] epoch 1 step 12780 loss 0.0209
[2026-06-01 09:06:48] epoch 1 step 12790 loss 0.0270
[2026-06-01 09:06:51] epoch 1 step 12800 loss 0.0170
[2026-06-01 09:06:54] epoch 1 step 12810 loss 0.0270
[2026-06-01 09:06:57] epoch 1 step 12820 loss 0.0250
[2026-06-01 09:07:00] epoch 1 step 12830 loss 0.0260
[2026-06-01 09:07:03] epoch 1 step 12840 loss 0.0189
[2026-06-01 09:07:06] epoch 1 step 12850 loss 0.0286
[2026-06-01 09:07:09] epoch 1 step 12860 loss 0.0229
[2026-06-01 09:07:12] epoch 1 step 12870 loss 0.0219
[2026-06-01 09:07:14] epoch 1 step 12880 loss 0.0212
[2026-06-01 09:07:17] epoch 1 step 12890 loss 0.0267
[2026-06-01 09:07:20] epoch 1 step 12900 loss 0.0171
[2026-06-01 09:07:23] epoch 1 step 12910 loss 0.0156
[2026-06-01 09:07:26] epoch 1 step 12920 loss 0.0297
[2026-06-01 09:07:29] epoch 1 step 12930 loss 0.0265
[2026-06-01 09:07:32] epoch 1 step 12940 loss 0.0228
[2026-06-01 09:07:35] epoch 1 step 12950 loss 0.0207
[2026-06-01 09:07:38] epoch 1 step 12960 loss 0.0239
[2026-06-01 09:07:40] epoch 1 step 12970 loss 0.0280
[2026-06-01 09:07:43] epoch 1 step 12980 loss 0.0227
[2026-06-01 09:07:46] epoch 1 step 12990 loss 0.0182
[2026-06-01 09:07:49] epoch 1 step 13000 loss 0.0180
[2026-06-01 09:07:52] epoch 1 step 13010 loss 0.0214
[2026-06-01 09:07:55] epoch 1 step 13020 loss 0.0229
[2026-06-01 09:07:58] epoch 1 step 13030 loss 0.0215
[2026-06-01 09:08:01] epoch 1 step 13040 loss 0.0288
[2026-06-01 09:08:04] epoch 1 step 13050 loss 0.0226
[2026-06-01 09:08:06] epoch 1 step 13060 loss 0.0198
[2026-06-01 09:08:09] epoch 1 step 13070 loss 0.0189
[2026-06-01 09:08:12] epoch 1 step 13080 loss 0.0194
[2026-06-01 09:08:15] epoch 1 step 13090 loss 0.0216
[2026-06-01 09:08:18] epoch 1 step 13100 loss 0.0228
[2026-06-01 09:08:21] epoch 1 step 13110 loss 0.0182
[2026-06-01 09:08:24] epoch 1 step 13120 loss 0.0248
[2026-06-01 09:08:27] epoch 1 step 13130 loss 0.0174
[2026-06-01 09:08:30] epoch 1 step 13140 loss 0.0241
[2026-06-01 09:08:32] epoch 1 step 13150 loss 0.0237
[2026-06-01 09:08:35] epoch 1 step 13160 loss 0.0242
[2026-06-01 09:08:38] epoch 1 step 13170 loss 0.0251
[2026-06-01 09:08:41] epoch 1 step 13180 loss 0.0218
[2026-06-01 09:08:44] epoch 1 step 13190 loss 0.0231
[2026-06-01 09:08:47] epoch 1 step 13200 loss 0.0219
[2026-06-01 09:08:50] epoch 1 step 13210 loss 0.0234
[2026-06-01 09:08:53] epoch 1 step 13220 loss 0.0183
[2026-06-01 09:08:55] epoch 1 step 13230 loss 0.0196
[2026-06-01 09:08:58] epoch 1 step 13240 loss 0.0216
[2026-06-01 09:09:01] epoch 1 step 13250 loss 0.0212
[2026-06-01 09:09:04] epoch 1 step 13260 loss 0.0160
[2026-06-01 09:09:07] epoch 1 step 13270 loss 0.0312
[2026-06-01 09:09:10] epoch 1 step 13280 loss 0.0186
[2026-06-01 09:09:13] epoch 1 step 13290 loss 0.0269
[2026-06-01 09:09:16] epoch 1 step 13300 loss 0.0223
[2026-06-01 09:09:19] epoch 1 step 13310 loss 0.0246
[2026-06-01 09:09:22] epoch 1 step 13320 loss 0.0291
[2026-06-01 09:09:24] epoch 1 step 13330 loss 0.0185
[2026-06-01 09:09:27] epoch 1 step 13340 loss 0.0251
[2026-06-01 09:09:30] epoch 1 step 13350 loss 0.0211
[2026-06-01 09:09:33] epoch 1 step 13360 loss 0.0204
[2026-06-01 09:09:36] epoch 1 step 13370 loss 0.0195
[2026-06-01 09:09:39] epoch 1 step 13380 loss 0.0157
[2026-06-01 09:09:42] epoch 1 step 13390 loss 0.0230
[2026-06-01 09:09:45] epoch 1 step 13400 loss 0.0213
[2026-06-01 09:09:48] epoch 1 step 13410 loss 0.0164
[2026-06-01 09:09:51] epoch 1 step 13420 loss 0.0201
[2026-06-01 09:09:54] epoch 1 step 13430 loss 0.0245
[2026-06-01 09:09:56] epoch 1 step 13440 loss 0.0207
[2026-06-01 09:09:59] epoch 1 step 13450 loss 0.0211
[2026-06-01 09:10:02] epoch 1 step 13460 loss 0.0228
[2026-06-01 09:10:05] epoch 1 step 13470 loss 0.0223
[2026-06-01 09:10:08] epoch 1 step 13480 loss 0.0218
[2026-06-01 09:10:11] epoch 1 step 13490 loss 0.0250
[2026-06-01 09:10:14] epoch 1 step 13500 loss 0.0268
[2026-06-01 09:10:17] epoch 1 step 13510 loss 0.0249
[2026-06-01 09:10:20] epoch 1 step 13520 loss 0.0188
[2026-06-01 09:10:23] epoch 1 step 13530 loss 0.0219
[2026-06-01 09:10:26] epoch 1 step 13540 loss 0.0254
[2026-06-01 09:10:28] epoch 1 step 13550 loss 0.0186
[2026-06-01 09:10:31] epoch 1 step 13560 loss 0.0218
[2026-06-01 09:10:34] epoch 1 step 13570 loss 0.0190
[2026-06-01 09:10:37] epoch 1 step 13580 loss 0.0236
[2026-06-01 09:10:40] epoch 1 step 13590 loss 0.0202
[2026-06-01 09:10:43] epoch 1 step 13600 loss 0.0236
[2026-06-01 09:10:46] epoch 1 step 13610 loss 0.0255
[2026-06-01 09:10:49] epoch 1 step 13620 loss 0.0203
[2026-06-01 09:10:52] epoch 1 step 13630 loss 0.0232
[2026-06-01 09:10:55] epoch 1 step 13640 loss 0.0216
[2026-06-01 09:10:57] epoch 1 step 13650 loss 0.0332
[2026-06-01 09:11:00] epoch 1 step 13660 loss 0.0246
[2026-06-01 09:11:03] epoch 1 step 13670 loss 0.0235
[2026-06-01 09:11:06] epoch 1 step 13680 loss 0.0237
[2026-06-01 09:11:09] epoch 1 step 13690 loss 0.0256
[2026-06-01 09:11:12] epoch 1 step 13700 loss 0.0254
[2026-06-01 09:11:15] epoch 1 step 13710 loss 0.0218
[2026-06-01 09:11:18] epoch 1 step 13720 loss 0.0209
[2026-06-01 09:11:21] epoch 1 step 13730 loss 0.0180
[2026-06-01 09:11:24] epoch 1 step 13740 loss 0.0226
[2026-06-01 09:11:26] epoch 1 step 13750 loss 0.0216
[2026-06-01 09:11:29] epoch 1 step 13760 loss 0.0253
[2026-06-01 09:11:32] epoch 1 step 13770 loss 0.0274
[2026-06-01 09:11:35] epoch 1 step 13780 loss 0.0205
[2026-06-01 09:11:38] epoch 1 step 13790 loss 0.0254
[2026-06-01 09:11:41] epoch 1 step 13800 loss 0.0215
[2026-06-01 09:11:44] epoch 1 step 13810 loss 0.0250
[2026-06-01 09:11:47] epoch 1 step 13820 loss 0.0227
[2026-06-01 09:11:50] epoch 1 step 13830 loss 0.0230
[2026-06-01 09:11:53] epoch 1 step 13840 loss 0.0226
[2026-06-01 09:11:56] epoch 1 step 13850 loss 0.0155
[2026-06-01 09:11:59] epoch 1 step 13860 loss 0.0273
[2026-06-01 09:12:02] epoch 1 step 13870 loss 0.0233
[2026-06-01 09:12:05] epoch 1 step 13880 loss 0.0202
[2026-06-01 09:12:07] epoch 1 step 13890 loss 0.0240
[2026-06-01 09:12:10] epoch 1 step 13900 loss 0.0202
[2026-06-01 09:12:13] epoch 1 step 13910 loss 0.0306
[2026-06-01 09:12:16] epoch 1 step 13920 loss 0.0239
[2026-06-01 09:12:19] epoch 1 step 13930 loss 0.0243
[2026-06-01 09:12:22] epoch 1 step 13940 loss 0.0261
[2026-06-01 09:12:25] epoch 1 step 13950 loss 0.0209
[2026-06-01 09:12:28] epoch 1 step 13960 loss 0.0230
[2026-06-01 09:12:31] epoch 1 step 13970 loss 0.0285
[2026-06-01 09:12:34] epoch 1 step 13980 loss 0.0223
[2026-06-01 09:12:36] epoch 1 step 13990 loss 0.0264
[2026-06-01 09:12:39] epoch 1 step 14000 loss 0.0261
[2026-06-01 09:12:42] epoch 1 step 14010 loss 0.0234
[2026-06-01 09:12:45] epoch 1 step 14020 loss 0.0285
[2026-06-01 09:12:48] epoch 1 step 14030 loss 0.0239
[2026-06-01 09:12:51] epoch 1 step 14040 loss 0.0232
[2026-06-01 09:12:54] epoch 1 step 14050 loss 0.0196
[2026-06-01 09:12:57] epoch 1 step 14060 loss 0.0285
[2026-06-01 09:13:00] epoch 1 step 14070 loss 0.0243
[2026-06-01 09:13:03] epoch 1 step 14080 loss 0.0205
[2026-06-01 09:13:06] epoch 1 step 14090 loss 0.0233
[2026-06-01 09:13:08] epoch 1 step 14100 loss 0.0170
[2026-06-01 09:13:11] epoch 1 step 14110 loss 0.0240
[2026-06-01 09:13:14] epoch 1 step 14120 loss 0.0126
[2026-06-01 09:13:17] epoch 1 step 14130 loss 0.0256
[2026-06-01 09:13:20] epoch 1 step 14140 loss 0.0183
[2026-06-01 09:13:23] epoch 1 step 14150 loss 0.0271
[2026-06-01 09:13:26] epoch 1 step 14160 loss 0.0260
[2026-06-01 09:13:29] epoch 1 step 14170 loss 0.0217
[2026-06-01 09:13:32] epoch 1 step 14180 loss 0.0169
[2026-06-01 09:13:35] epoch 1 step 14190 loss 0.0299
[2026-06-01 09:13:38] epoch 1 step 14200 loss 0.0182
[2026-06-01 09:13:41] epoch 1 step 14210 loss 0.0265
[2026-06-01 09:13:44] epoch 1 step 14220 loss 0.0197
[2026-06-01 09:13:46] epoch 1 step 14230 loss 0.0208
[2026-06-01 09:13:49] epoch 1 step 14240 loss 0.0201
[2026-06-01 09:13:52] epoch 1 step 14250 loss 0.0229
[2026-06-01 09:13:55] epoch 1 step 14260 loss 0.0282
[2026-06-01 09:13:58] epoch 1 step 14270 loss 0.0198
[2026-06-01 09:14:01] epoch 1 step 14280 loss 0.0200
[2026-06-01 09:14:04] epoch 1 step 14290 loss 0.0228
[2026-06-01 09:14:07] epoch 1 step 14300 loss 0.0250
[2026-06-01 09:14:10] epoch 1 step 14310 loss 0.0273
[2026-06-01 09:14:13] epoch 1 step 14320 loss 0.0181
[2026-06-01 09:14:15] epoch 1 step 14330 loss 0.0212
[2026-06-01 09:14:18] epoch 1 step 14340 loss 0.0238
[2026-06-01 09:14:21] epoch 1 step 14350 loss 0.0191
[2026-06-01 09:14:24] epoch 1 step 14360 loss 0.0266
[2026-06-01 09:14:27] epoch 1 step 14370 loss 0.0235
[2026-06-01 09:14:30] epoch 1 step 14380 loss 0.0203
[2026-06-01 09:14:33] epoch 1 step 14390 loss 0.0208
[2026-06-01 09:14:36] epoch 1 step 14400 loss 0.0213
[2026-06-01 09:14:39] epoch 1 step 14410 loss 0.0269
[INFO] Updated latest_step.pt (time-based)
[2026-06-01 09:14:46] epoch 1 step 14420 loss 0.0231
[2026-06-01 09:14:49] epoch 1 step 14430 loss 0.0225
[2026-06-01 09:14:52] epoch 1 step 14440 loss 0.0244
[2026-06-01 09:14:55] epoch 1 step 14450 loss 0.0273
[2026-06-01 09:14:58] epoch 1 step 14460 loss 0.0249
[2026-06-01 09:15:00] epoch 1 step 14470 loss 0.0183
[2026-06-01 09:15:03] epoch 1 step 14480 loss 0.0192
[2026-06-01 09:15:06] epoch 1 step 14490 loss 0.0203
[2026-06-01 09:15:09] epoch 1 step 14500 loss 0.0188
[2026-06-01 09:15:12] epoch 1 step 14510 loss 0.0196
[2026-06-01 09:15:15] epoch 1 step 14520 loss 0.0171
[2026-06-01 09:15:18] epoch 1 step 14530 loss 0.0217
[2026-06-01 09:15:21] epoch 1 step 14540 loss 0.0231
[2026-06-01 09:15:24] epoch 1 step 14550 loss 0.0235
[2026-06-01 09:15:27] epoch 1 step 14560 loss 0.0242
[2026-06-01 09:15:29] epoch 1 step 14570 loss 0.0294
[2026-06-01 09:15:32] epoch 1 step 14580 loss 0.0231
[2026-06-01 09:15:35] epoch 1 step 14590 loss 0.0287
[2026-06-01 09:15:38] epoch 1 step 14600 loss 0.0186
[2026-06-01 09:15:41] epoch 1 step 14610 loss 0.0239
[2026-06-01 09:15:44] epoch 1 step 14620 loss 0.0250
[2026-06-01 09:15:47] epoch 1 step 14630 loss 0.0194
[2026-06-01 09:15:50] epoch 1 step 14640 loss 0.0237
[2026-06-01 09:15:53] epoch 1 step 14650 loss 0.0266
[2026-06-01 09:15:56] epoch 1 step 14660 loss 0.0231
[2026-06-01 09:15:58] epoch 1 step 14670 loss 0.0219
[2026-06-01 09:16:01] epoch 1 step 14680 loss 0.0208
[2026-06-01 09:16:04] epoch 1 step 14690 loss 0.0176
[2026-06-01 09:16:07] epoch 1 step 14700 loss 0.0219
[2026-06-01 09:16:10] epoch 1 step 14710 loss 0.0195
[2026-06-01 09:16:13] epoch 1 step 14720 loss 0.0160
[2026-06-01 09:16:16] epoch 1 step 14730 loss 0.0224
[2026-06-01 09:16:19] epoch 1 step 14740 loss 0.0242
[2026-06-01 09:16:22] epoch 1 step 14750 loss 0.0190
[2026-06-01 09:16:25] epoch 1 step 14760 loss 0.0268
[2026-06-01 09:16:27] epoch 1 step 14770 loss 0.0182
[2026-06-01 09:16:30] epoch 1 step 14780 loss 0.0140
[2026-06-01 09:16:33] epoch 1 step 14790 loss 0.0233
[2026-06-01 09:16:36] epoch 1 step 14800 loss 0.0258
[2026-06-01 09:16:39] epoch 1 step 14810 loss 0.0227
[2026-06-01 09:16:42] epoch 1 step 14820 loss 0.0214
[2026-06-01 09:16:45] epoch 1 step 14830 loss 0.0197
[2026-06-01 09:16:48] epoch 1 step 14840 loss 0.0261
[2026-06-01 09:16:51] epoch 1 step 14850 loss 0.0192
[2026-06-01 09:16:54] epoch 1 step 14860 loss 0.0277
[2026-06-01 09:16:57] epoch 1 step 14870 loss 0.0257
[2026-06-01 09:17:00] epoch 1 step 14880 loss 0.0201
[2026-06-01 09:17:03] epoch 1 step 14890 loss 0.0234
[2026-06-01 09:17:05] epoch 1 step 14900 loss 0.0219
[2026-06-01 09:17:08] epoch 1 step 14910 loss 0.0220
[2026-06-01 09:17:11] epoch 1 step 14920 loss 0.0180
[2026-06-01 09:17:14] epoch 1 step 14930 loss 0.0199
[2026-06-01 09:17:17] epoch 1 step 14940 loss 0.0211
[2026-06-01 09:17:20] epoch 1 step 14950 loss 0.0252
[2026-06-01 09:17:23] epoch 1 step 14960 loss 0.0285
[2026-06-01 09:17:26] epoch 1 step 14970 loss 0.0188
[2026-06-01 09:17:29] epoch 1 step 14980 loss 0.0240
[2026-06-01 09:18:00] [val] progress 100/831 (12.0%)
[2026-06-01 09:18:31] [val] progress 200/831 (24.1%)
[2026-06-01 09:19:03] [val] progress 300/831 (36.1%)
[2026-06-01 09:19:34] [val] progress 400/831 (48.1%)
[2026-06-01 09:20:05] [val] progress 500/831 (60.2%)
[2026-06-01 09:20:36] [val] progress 600/831 (72.2%)
[2026-06-01 09:21:07] [val] progress 700/831 (84.2%)
[2026-06-01 09:21:39] [val] progress 800/831 (96.3%)
[2026-06-01 09:21:48] [val] progress 831/831 (100.0%)
[2026-06-01 09:21:48] [val] epoch 1 val_loss=0.0222
